\BOOKMARK [1][-]{section.1}{\376\377\000P\000r\000o\000j\000e\000c\000t\000\040\000O\000v\000e\000r\000v\000i\000e\000w}{}% 1
\BOOKMARK [2][-]{subsection.1.1}{\376\377\000T\000e\000c\000h\000n\000o\000l\000o\000g\000y\000\040\000S\000t\000a\000c\000k}{section.1}% 2
\BOOKMARK [2][-]{subsection.1.2}{\376\377\000S\000y\000s\000t\000e\000m\000\040\000C\000a\000p\000a\000b\000i\000l\000i\000t\000i\000e\000s}{section.1}% 3
\BOOKMARK [1][-]{section.2}{\376\377\000S\000y\000s\000t\000e\000m\000\040\000A\000r\000c\000h\000i\000t\000e\000c\000t\000u\000r\000e\000\040\000\046\000\040\000P\000r\000o\000g\000r\000a\000m\000\040\000F\000l\000o\000w}{}% 4
\BOOKMARK [1][-]{section.3}{\376\377\000D\000a\000t\000a\000b\000a\000s\000e\000\040\000D\000e\000s\000i\000g\000n}{}% 5
\BOOKMARK [2][-]{subsection.3.1}{\376\377\000E\000n\000t\000i\000t\000y\000-\000R\000e\000l\000a\000t\000i\000o\000n\000s\000h\000i\000p\000\040\000M\000o\000d\000e\000l}{section.3}% 6
\BOOKMARK [2][-]{subsection.3.2}{\376\377\000N\000o\000r\000m\000a\000l\000i\000z\000a\000t\000i\000o\000n\000\040\000P\000r\000o\000c\000e\000s\000s}{section.3}% 7
\BOOKMARK [2][-]{subsection.3.3}{\376\377\0003\000N\000F\000\040\000C\000o\000m\000p\000l\000i\000a\000n\000c\000e\000\040\000V\000e\000r\000i\000f\000i\000c\000a\000t\000i\000o\000n}{section.3}% 8
\BOOKMARK [2][-]{subsection.3.4}{\376\377\000C\000o\000m\000p\000l\000e\000t\000e\000\040\000T\000a\000b\000l\000e\000\040\000D\000e\000f\000i\000n\000i\000t\000i\000o\000n\000s}{section.3}% 9
\BOOKMARK [3][-]{subsubsection.3.4.1}{\376\377\000T\000a\000b\000l\000e\000:\000\040\000B\000r\000a\000n\000d\000s}{subsection.3.4}% 10
\BOOKMARK [3][-]{subsubsection.3.4.2}{\376\377\000T\000a\000b\000l\000e\000:\000\040\000F\000O\000O\000D\000\137\000C\000A\000T\000E\000G\000O\000R\000Y}{subsection.3.4}% 11
\BOOKMARK [3][-]{subsubsection.3.4.3}{\376\377\000T\000a\000b\000l\000e\000:\000\040\000D\000A\000T\000A\000\137\000T\000Y\000P\000E}{subsection.3.4}% 12
\BOOKMARK [3][-]{subsubsection.3.4.4}{\376\377\000T\000a\000b\000l\000e\000:\000\040\000F\000o\000o\000d\000s}{subsection.3.4}% 13
\BOOKMARK [3][-]{subsubsection.3.4.5}{\376\377\000T\000a\000b\000l\000e\000:\000\040\000N\000u\000t\000r\000i\000t\000i\000o\000n\000\137\000M\000e\000t\000r\000i\000c\000s}{subsection.3.4}% 14
\BOOKMARK [3][-]{subsubsection.3.4.6}{\376\377\000T\000a\000b\000l\000e\000:\000\040\000H\000E\000A\000L\000T\000H\000\137\000S\000C\000O\000R\000E}{subsection.3.4}% 15
\BOOKMARK [3][-]{subsubsection.3.4.7}{\376\377\000T\000a\000b\000l\000e\000:\000\040\000A\000L\000L\000E\000R\000G\000E\000N\000\137\000P\000R\000O\000F\000I\000L\000E}{subsection.3.4}% 16
\BOOKMARK [3][-]{subsubsection.3.4.8}{\376\377\000T\000a\000b\000l\000e\000:\000\040\000M\000L\000\137\000P\000r\000e\000d\000i\000c\000t\000i\000o\000n\000s}{subsection.3.4}% 17
\BOOKMARK [2][-]{subsection.3.5}{\376\377\000D\000a\000t\000a\000\040\000V\000a\000l\000u\000e\000\040\000C\000r\000e\000a\000t\000i\000o\000n}{section.3}% 18
\BOOKMARK [1][-]{section.4}{\376\377\000B\000a\000c\000k\000e\000n\000d\000\040\000D\000o\000c\000u\000m\000e\000n\000t\000a\000t\000i\000o\000n}{}% 19
\BOOKMARK [2][-]{subsection.4.1}{\376\377\000F\000i\000l\000e\000:\000\040\000d\000a\000t\000a\000b\000a\000s\000e\000.\000p\000y\000\040\040\024\000\040\000C\000o\000n\000n\000e\000c\000t\000i\000o\000n\000\040\000M\000a\000n\000a\000g\000e\000m\000e\000n\000t}{section.4}% 20
\BOOKMARK [3][-]{subsubsection.4.1.1}{\376\377\000D\000B\000\137\000C\000O\000N\000F\000I\000G\000\040\000\050\000M\000o\000d\000u\000l\000e\000\040\000C\000o\000n\000s\000t\000a\000n\000t\000\051}{subsection.4.1}% 21
\BOOKMARK [3][-]{subsubsection.4.1.2}{\376\377\000g\000e\000t\000\137\000c\000o\000n\000n\000e\000c\000t\000i\000o\000n\000\050\000\051}{subsection.4.1}% 22
\BOOKMARK [3][-]{subsubsection.4.1.3}{\376\377\000g\000e\000t\000\137\000d\000b\000\050\000\051}{subsection.4.1}% 23
\BOOKMARK [2][-]{subsection.4.2}{\376\377\000F\000i\000l\000e\000:\000\040\000s\000c\000h\000e\000m\000a\000s\000.\000p\000y\000\040\040\024\000\040\000P\000y\000d\000a\000n\000t\000i\000c\000\040\000D\000a\000t\000a\000\040\000M\000o\000d\000e\000l\000s}{section.4}% 24
\BOOKMARK [3][-]{subsubsection.4.2.1}{\376\377\000B\000r\000a\000n\000d\000\040\000S\000c\000h\000e\000m\000a\000s}{subsection.4.2}% 25
\BOOKMARK [3][-]{subsubsection.4.2.2}{\376\377\000N\000u\000t\000r\000i\000t\000i\000o\000n\000\040\000S\000c\000h\000e\000m\000a\000s}{subsection.4.2}% 26
\BOOKMARK [3][-]{subsubsection.4.2.3}{\376\377\000H\000e\000a\000l\000t\000h\000\040\000S\000c\000o\000r\000e\000\040\000S\000c\000h\000e\000m\000a\000s}{subsection.4.2}% 27
\BOOKMARK [3][-]{subsubsection.4.2.4}{\376\377\000A\000l\000l\000e\000r\000g\000e\000n\000\040\000P\000r\000o\000f\000i\000l\000e\000\040\000S\000c\000h\000e\000m\000a\000s}{subsection.4.2}% 28
\BOOKMARK [3][-]{subsubsection.4.2.5}{\376\377\000M\000L\000\040\000P\000r\000e\000d\000i\000c\000t\000i\000o\000n\000\040\000S\000c\000h\000e\000m\000a\000s}{subsection.4.2}% 29
\BOOKMARK [3][-]{subsubsection.4.2.6}{\376\377\000F\000o\000o\000d\000\040\000S\000c\000h\000e\000m\000a\000s}{subsection.4.2}% 30
\BOOKMARK [3][-]{subsubsection.4.2.7}{\376\377\000A\000g\000g\000r\000e\000g\000a\000t\000i\000o\000n\000R\000e\000s\000u\000l\000t\000\040\000S\000c\000h\000e\000m\000a}{subsection.4.2}% 31
\BOOKMARK [2][-]{subsection.4.3}{\376\377\000F\000i\000l\000e\000:\000\040\000c\000r\000u\000d\000.\000p\000y\000\040\040\024\000\040\000D\000a\000t\000a\000\040\000A\000c\000c\000e\000s\000s\000\040\000L\000a\000y\000e\000r}{section.4}% 32
\BOOKMARK [3][-]{subsubsection.4.3.1}{\376\377\000S\000h\000a\000r\000e\000d\000\040\000Q\000u\000e\000r\000y\000\040\000I\000n\000f\000r\000a\000s\000t\000r\000u\000c\000t\000u\000r\000e}{subsection.4.3}% 33
\BOOKMARK [3][-]{subsubsection.4.3.2}{\376\377\000\137\000b\000u\000i\000l\000d\000\137\000f\000o\000o\000d\000\137\000d\000i\000c\000t\000\050\000r\000o\000w\000\051}{subsection.4.3}% 34
\BOOKMARK [3][-]{subsubsection.4.3.3}{\376\377\000g\000e\000t\000\137\000f\000o\000o\000d\000\050\000c\000o\000n\000n\000,\000\040\000c\000u\000r\000s\000o\000r\000,\000\040\000f\000d\000c\000\137\000i\000d\000\051}{subsection.4.3}% 35
\BOOKMARK [3][-]{subsubsection.4.3.4}{\376\377\000\137\000u\000p\000d\000a\000t\000e\000\137\000r\000o\000w\000\050\000c\000o\000n\000n\000,\000\040\000c\000u\000r\000s\000o\000r\000,\000\040\000t\000a\000b\000l\000e\000,\000\040\000c\000o\000l\000u\000m\000n\000s\000,\000\040\000f\000d\000c\000\137\000i\000d\000,\000\040\000d\000a\000t\000a\000\051}{subsection.4.3}% 36
\BOOKMARK [3][-]{subsubsection.4.3.5}{\376\377\000u\000p\000d\000a\000t\000e\000\137\000n\000u\000t\000r\000i\000t\000i\000o\000n\000\050\000c\000o\000n\000n\000,\000\040\000c\000u\000r\000s\000o\000r\000,\000\040\000f\000d\000c\000\137\000i\000d\000,\000\040\000d\000a\000t\000a\000\051}{subsection.4.3}% 37
\BOOKMARK [3][-]{subsubsection.4.3.6}{\376\377\000u\000p\000d\000a\000t\000e\000\137\000h\000e\000a\000l\000t\000h\000\137\000s\000c\000o\000r\000e\000\050\000c\000o\000n\000n\000,\000\040\000c\000u\000r\000s\000o\000r\000,\000\040\000f\000d\000c\000\137\000i\000d\000,\000\040\000d\000a\000t\000a\000\051}{subsection.4.3}% 38
\BOOKMARK [3][-]{subsubsection.4.3.7}{\376\377\000u\000p\000d\000a\000t\000e\000\137\000a\000l\000l\000e\000r\000g\000e\000n\000\050\000c\000o\000n\000n\000,\000\040\000c\000u\000r\000s\000o\000r\000,\000\040\000f\000d\000c\000\137\000i\000d\000,\000\040\000d\000a\000t\000a\000\051}{subsection.4.3}% 39
\BOOKMARK [3][-]{subsubsection.4.3.8}{\376\377\000g\000e\000t\000\137\000f\000o\000o\000d\000s\000\137\000b\000y\000\137\000r\000a\000n\000g\000e\000\050\000c\000o\000n\000n\000,\000\040\000c\000u\000r\000s\000o\000r\000,\000\040\000m\000i\000n\000\137\000h\000e\000a\000l\000t\000h\000\137\000s\000c\000o\000r\000e\000,\000\040\000m\000a\000x\000\137\000s\000o\000d\000i\000u\000m\000,\000\040\000m\000a\000x\000\137\000c\000a\000r\000b\000s\000,\000\040\000l\000i\000m\000i\000t\000=\0001\0000\0000\000\051}{subsection.4.3}% 40
\BOOKMARK [3][-]{subsubsection.4.3.9}{\376\377\000g\000e\000t\000\137\000f\000o\000o\000d\000s\000\137\000b\000y\000\137\000d\000i\000e\000t\000\050\000c\000o\000n\000n\000,\000\040\000c\000u\000r\000s\000o\000r\000,\000\040\000n\000o\000\137\000g\000l\000u\000t\000e\000n\000,\000\040\000n\000o\000\137\000d\000a\000i\000r\000y\000,\000\040\000l\000i\000m\000i\000t\000=\0001\0000\0000\000\051}{subsection.4.3}% 41
\BOOKMARK [3][-]{subsubsection.4.3.10}{\376\377\000g\000e\000t\000\137\000c\000a\000t\000e\000g\000o\000r\000y\000\137\000a\000g\000g\000r\000e\000g\000a\000t\000i\000o\000n\000\050\000c\000o\000n\000n\000,\000\040\000c\000u\000r\000s\000o\000r\000,\000\040\000c\000a\000t\000e\000g\000o\000r\000y\000\051}{subsection.4.3}% 42
\BOOKMARK [3][-]{subsubsection.4.3.11}{\376\377\000g\000e\000t\000\137\000f\000o\000o\000d\000s\000\137\000w\000i\000t\000h\000\137\000m\000i\000s\000s\000i\000n\000g\000\137\000d\000a\000t\000a\000\050\000c\000o\000n\000n\000,\000\040\000c\000u\000r\000s\000o\000r\000,\000\040\000l\000i\000m\000i\000t\000=\0001\0000\0000\000\051}{subsection.4.3}% 43
\BOOKMARK [3][-]{subsubsection.4.3.12}{\376\377\000c\000r\000e\000a\000t\000e\000\137\000b\000r\000a\000n\000d\000\050\000c\000o\000n\000n\000,\000\040\000c\000u\000r\000s\000o\000r\000,\000\040\000d\000a\000t\000a\000\051}{subsection.4.3}% 44
\BOOKMARK [3][-]{subsubsection.4.3.13}{\376\377\000g\000e\000t\000\137\000b\000r\000a\000n\000d\000s\000\050\000c\000o\000n\000n\000,\000\040\000c\000u\000r\000s\000o\000r\000,\000\040\000s\000k\000i\000p\000,\000\040\000l\000i\000m\000i\000t\000\051}{subsection.4.3}% 45
\BOOKMARK [3][-]{subsubsection.4.3.14}{\376\377\000s\000e\000a\000r\000c\000h\000\137\000f\000o\000o\000d\000s\000\050\000c\000o\000n\000n\000,\000\040\000c\000u\000r\000s\000o\000r\000,\000\040\000n\000a\000m\000e\000,\000\040\000l\000i\000m\000i\000t\000\051}{subsection.4.3}% 46
\BOOKMARK [3][-]{subsubsection.4.3.15}{\376\377\000g\000e\000t\000\137\000f\000o\000o\000d\000s\000\137\000b\000r\000o\000w\000s\000e\000\050\000c\000o\000n\000n\000,\000\040\000c\000u\000r\000s\000o\000r\000,\000\040\000s\000k\000i\000p\000,\000\040\000l\000i\000m\000i\000t\000,\000\040\000n\000a\000m\000e\000\051}{subsection.4.3}% 47
\BOOKMARK [3][-]{subsubsection.4.3.16}{\376\377\000g\000e\000t\000\137\000a\000l\000l\000\137\000f\000o\000o\000d\000s\000\050\000c\000o\000n\000n\000,\000\040\000c\000u\000r\000s\000o\000r\000,\000\040\000s\000k\000i\000p\000,\000\040\000l\000i\000m\000i\000t\000\051}{subsection.4.3}% 48
\BOOKMARK [3][-]{subsubsection.4.3.17}{\376\377\000g\000e\000t\000\137\000c\000a\000t\000e\000g\000o\000r\000i\000e\000s\000\050\000c\000o\000n\000n\000,\000\040\000c\000u\000r\000s\000o\000r\000\051}{subsection.4.3}% 49
\BOOKMARK [3][-]{subsubsection.4.3.18}{\376\377\000g\000e\000t\000\137\000p\000r\000e\000d\000i\000c\000t\000i\000o\000n\000s\000\050\000c\000o\000n\000n\000,\000\040\000c\000u\000r\000s\000o\000r\000,\000\040\000l\000i\000m\000i\000t\000\051}{subsection.4.3}% 50
\BOOKMARK [2][-]{subsection.4.4}{\376\377\000F\000i\000l\000e\000:\000\040\000m\000a\000i\000n\000.\000p\000y\000\040\040\024\000\040\000A\000P\000I\000\040\000E\000n\000d\000p\000o\000i\000n\000t\000s}{section.4}% 51
\BOOKMARK [3][-]{subsubsection.4.4.1}{\376\377\000A\000p\000p\000l\000i\000c\000a\000t\000i\000o\000n\000\040\000S\000e\000t\000u\000p}{subsection.4.4}% 52
\BOOKMARK [3][-]{subsubsection.4.4.2}{\376\377\000E\000n\000d\000p\000o\000i\000n\000t\000\040\000C\000a\000t\000a\000l\000o\000g}{subsection.4.4}% 53
\BOOKMARK [3][-]{subsubsection.4.4.3}{\376\377\000I\000m\000p\000o\000r\000t\000\040\000S\000t\000a\000t\000e\000\040\000T\000r\000a\000c\000k\000i\000n\000g}{subsection.4.4}% 54
\BOOKMARK [2][-]{subsection.4.5}{\376\377\000F\000i\000l\000e\000:\000\040\000m\000l\000\137\000s\000e\000r\000v\000i\000c\000e\000.\000p\000y\000\040\040\024\000\040\000M\000a\000c\000h\000i\000n\000e\000\040\000L\000e\000a\000r\000n\000i\000n\000g\000\040\000P\000i\000p\000e\000l\000i\000n\000e}{section.4}% 55
\BOOKMARK [3][-]{subsubsection.4.5.1}{\376\377\000D\000e\000v\000i\000c\000e\000\040\000S\000e\000l\000e\000c\000t\000i\000o\000n\000:\000\040\000\137\000g\000e\000t\000\137\000d\000e\000v\000i\000c\000e\000\050\000\051}{subsection.4.5}% 56
\BOOKMARK [3][-]{subsubsection.4.5.2}{\376\377\000M\000o\000d\000e\000l\000\040\000A\000r\000c\000h\000i\000t\000e\000c\000t\000u\000r\000e\000:\000\040\000N\000u\000t\000r\000i\000S\000c\000o\000r\000e\000P\000r\000e\000d\000i\000c\000t\000o\000r}{subsection.4.5}% 57
\BOOKMARK [3][-]{subsubsection.4.5.3}{\376\377\000\137\000c\000o\000m\000p\000u\000t\000e\000\137\000n\000o\000r\000m\000a\000l\000i\000z\000a\000t\000i\000o\000n\000\137\000s\000t\000a\000t\000s\000\050\000c\000u\000r\000s\000o\000r\000\051}{subsection.4.5}% 58
\BOOKMARK [3][-]{subsubsection.4.5.4}{\376\377\000\137\000t\000r\000a\000i\000n\000\137\000m\000o\000d\000e\000l\000\050\000c\000u\000r\000s\000o\000r\000\051}{subsection.4.5}% 59
\BOOKMARK [3][-]{subsubsection.4.5.5}{\376\377\000r\000u\000n\000\137\000i\000n\000f\000e\000r\000e\000n\000c\000e\000\137\000a\000n\000d\000\137\000s\000t\000o\000r\000e\000\050\000c\000o\000n\000n\000,\000\040\000c\000u\000r\000s\000o\000r\000\051}{subsection.4.5}% 60
\BOOKMARK [3][-]{subsubsection.4.5.6}{\376\377\000d\000e\000l\000e\000t\000e\000\137\000p\000r\000e\000d\000i\000c\000t\000i\000o\000n\000s\000\050\000c\000o\000n\000n\000,\000\040\000c\000u\000r\000s\000o\000r\000\051}{subsection.4.5}% 61
\BOOKMARK [3][-]{subsubsection.4.5.7}{\376\377\000M\000L\000\040\000R\000o\000u\000t\000e\000r}{subsection.4.5}% 62
\BOOKMARK [2][-]{subsection.4.6}{\376\377\000F\000i\000l\000e\000:\000\040\000d\000a\000t\000a\000\137\000i\000m\000p\000o\000r\000t\000.\000p\000y\000\040\040\024\000\040\000C\000S\000V\000\040\000D\000a\000t\000a\000\040\000I\000m\000p\000o\000r\000t}{section.4}% 63
\BOOKMARK [3][-]{subsubsection.4.6.1}{\376\377\000V\000a\000l\000u\000e\000\040\000H\000e\000l\000p\000e\000r\000s}{subsection.4.6}% 64
\BOOKMARK [3][-]{subsubsection.4.6.2}{\376\377\000\137\000r\000e\000s\000o\000l\000v\000e\000\137\000o\000r\000\137\000c\000r\000e\000a\000t\000e\000\050\000c\000u\000r\000s\000o\000r\000,\000\040\000c\000a\000c\000h\000e\000,\000\040\000t\000a\000b\000l\000e\000,\000\040\000i\000d\000\137\000c\000o\000l\000,\000\040\000n\000a\000m\000e\000\137\000c\000o\000l\000,\000\040\000n\000a\000m\000e\000\137\000v\000a\000l\000u\000e\000,\000\040\000e\000x\000t\000r\000a\000\137\000c\000o\000l\000s\000=\000N\000o\000n\000e\000\051}{subsection.4.6}% 65
\BOOKMARK [3][-]{subsubsection.4.6.3}{\376\377\000\137\000l\000o\000a\000d\000\137\000u\000s\000d\000a\000\137\000c\000s\000v\000\050\000c\000o\000n\000n\000,\000\040\000c\000u\000r\000s\000o\000r\000,\000\040\000s\000t\000a\000t\000s\000\051}{subsection.4.6}% 66
\BOOKMARK [3][-]{subsubsection.4.6.4}{\376\377\000\137\000l\000o\000a\000d\000\137\000h\000e\000a\000l\000t\000h\000\137\000c\000s\000v\000\050\000c\000o\000n\000n\000,\000\040\000c\000u\000r\000s\000o\000r\000\051}{subsection.4.6}% 67
\BOOKMARK [3][-]{subsubsection.4.6.5}{\376\377\000i\000m\000p\000o\000r\000t\000\137\000a\000l\000l\000\137\000d\000a\000t\000a\000\050\000\051}{subsection.4.6}% 68
\BOOKMARK [1][-]{section.5}{\376\377\000F\000r\000o\000n\000t\000e\000n\000d\000\040\000D\000o\000c\000u\000m\000e\000n\000t\000a\000t\000i\000o\000n}{}% 69
\BOOKMARK [2][-]{subsection.5.1}{\376\377\000F\000i\000l\000e\000:\000\040\000a\000p\000i\000.\000j\000s\000\040\040\024\000\040\000A\000P\000I\000\040\000C\000l\000i\000e\000n\000t}{section.5}% 70
\BOOKMARK [3][-]{subsubsection.5.1.1}{\376\377\000f\000e\000t\000c\000h\000A\000P\000I\000\050\000e\000n\000d\000p\000o\000i\000n\000t\000,\000\040\000o\000p\000t\000i\000o\000n\000s\000\051}{subsection.5.1}% 71
\BOOKMARK [2][-]{subsection.5.2}{\376\377\000F\000i\000l\000e\000:\000\040\000A\000p\000p\000.\000j\000s\000x\000\040\040\024\000\040\000A\000p\000p\000l\000i\000c\000a\000t\000i\000o\000n\000\040\000S\000h\000e\000l\000l}{section.5}% 72
\BOOKMARK [2][-]{subsection.5.3}{\376\377\000F\000i\000l\000e\000:\000\040\000B\000r\000o\000w\000s\000e\000S\000e\000c\000t\000i\000o\000n\000.\000j\000s\000x\000\040\040\024\000\040\000F\000o\000o\000d\000\040\000B\000r\000o\000w\000s\000e\000r}{section.5}% 73
\BOOKMARK [3][-]{subsubsection.5.3.1}{\376\377\000l\000o\000a\000d\000P\000a\000g\000e\000\050\000p\000a\000g\000e\000N\000u\000m\000,\000\040\000s\000e\000a\000r\000c\000h\000T\000e\000r\000m\000\051}{subsection.5.3}% 74
\BOOKMARK [3][-]{subsubsection.5.3.2}{\376\377\000o\000n\000R\000o\000w\000C\000l\000i\000c\000k\000e\000d\000\050\000e\000v\000e\000n\000t\000\051}{subsection.5.3}% 75
\BOOKMARK [3][-]{subsubsection.5.3.3}{\376\377\000o\000p\000e\000n\000E\000d\000i\000t\000\050\000s\000e\000c\000t\000i\000o\000n\000\051\000\040\000/\000\040\000s\000a\000v\000e\000E\000d\000i\000t\000\050\000\051}{subsection.5.3}% 76
\BOOKMARK [3][-]{subsubsection.5.3.4}{\376\377\000A\000G\000\040\000G\000r\000i\000d\000\040\000C\000o\000n\000f\000i\000g\000u\000r\000a\000t\000i\000o\000n}{subsection.5.3}% 77
\BOOKMARK [2][-]{subsection.5.4}{\376\377\000F\000i\000l\000e\000:\000\040\000A\000n\000a\000l\000y\000t\000i\000c\000s\000S\000e\000c\000t\000i\000o\000n\000.\000j\000s\000x\000\040\040\024\000\040\000N\000u\000t\000r\000i\000t\000i\000o\000n\000\040\000A\000n\000a\000l\000y\000t\000i\000c\000s}{section.5}% 78
\BOOKMARK [3][-]{subsubsection.5.4.1}{\376\377\000R\000a\000n\000g\000e\000\040\000Q\000u\000e\000r\000y\000\040\000\050\000R\000e\000q\000\040\0004\000\051}{subsection.5.4}% 79
\BOOKMARK [3][-]{subsubsection.5.4.2}{\376\377\000D\000i\000e\000t\000a\000r\000y\000\040\000F\000i\000l\000t\000e\000r\000i\000n\000g\000\040\000\050\000R\000e\000q\000\040\0005\000\051}{subsection.5.4}% 80
\BOOKMARK [3][-]{subsubsection.5.4.3}{\376\377\000C\000a\000t\000e\000g\000o\000r\000y\000\040\000A\000g\000g\000r\000e\000g\000a\000t\000i\000o\000n\000\040\000\050\000R\000e\000q\000\040\0006\000\051}{subsection.5.4}% 81
\BOOKMARK [3][-]{subsubsection.5.4.4}{\376\377\000G\000a\000p\000\040\000I\000d\000e\000n\000t\000i\000f\000i\000c\000a\000t\000i\000o\000n\000\040\000\050\000R\000e\000q\000\040\0007\000\051}{subsection.5.4}% 82
\BOOKMARK [2][-]{subsection.5.5}{\376\377\000F\000i\000l\000e\000:\000\040\000M\000L\000E\000n\000g\000i\000n\000e\000S\000e\000c\000t\000i\000o\000n\000.\000j\000s\000x\000\040\040\024\000\040\000M\000L\000\040\000E\000n\000g\000i\000n\000e}{section.5}% 83
\BOOKMARK [2][-]{subsection.5.6}{\376\377\000F\000i\000l\000e\000:\000\040\000B\000r\000a\000n\000d\000s\000S\000e\000c\000t\000i\000o\000n\000.\000j\000s\000x\000\040\040\024\000\040\000B\000r\000a\000n\000d\000\040\000M\000a\000n\000a\000g\000e\000m\000e\000n\000t}{section.5}% 84
\BOOKMARK [2][-]{subsection.5.7}{\376\377\000F\000i\000l\000e\000:\000\040\000D\000a\000t\000a\000I\000m\000p\000o\000r\000t\000S\000e\000c\000t\000i\000o\000n\000.\000j\000s\000x\000\040\040\024\000\040\000D\000a\000t\000a\000\040\000I\000m\000p\000o\000r\000t}{section.5}% 85
\BOOKMARK [2][-]{subsection.5.8}{\376\377\000F\000i\000l\000e\000:\000\040\000i\000n\000d\000e\000x\000.\000c\000s\000s\000\040\040\024\000\040\000D\000e\000s\000i\000g\000n\000\040\000S\000y\000s\000t\000e\000m}{section.5}% 86
\BOOKMARK [1][-]{section.6}{\376\377\000T\000e\000s\000t\000i\000n\000g\000\040\000I\000n\000f\000r\000a\000s\000t\000r\000u\000c\000t\000u\000r\000e}{}% 87
\BOOKMARK [2][-]{subsection.6.1}{\376\377\000F\000i\000l\000e\000:\000\040\000c\000o\000n\000f\000t\000e\000s\000t\000.\000p\000y\000\040\040\024\000\040\000T\000e\000s\000t\000\040\000F\000i\000x\000t\000u\000r\000e\000s}{section.6}% 88
\BOOKMARK [3][-]{subsubsection.6.1.1}{\376\377\000t\000e\000s\000t\000\137\000d\000b\000\137\000s\000e\000t\000u\000p\000\040\000\050\000S\000e\000s\000s\000i\000o\000n\000\040\000S\000c\000o\000p\000e\000\051}{subsection.6.1}% 89
\BOOKMARK [3][-]{subsubsection.6.1.2}{\376\377\000d\000b\000\137\000c\000o\000n\000n\000\040\000/\000\040\000d\000b\000\137\000c\000u\000r\000s\000o\000r\000\040\000\050\000F\000u\000n\000c\000t\000i\000o\000n\000\040\000S\000c\000o\000p\000e\000\051}{subsection.6.1}% 90
\BOOKMARK [3][-]{subsubsection.6.1.3}{\376\377\000c\000l\000i\000e\000n\000t\000\040\000\050\000F\000u\000n\000c\000t\000i\000o\000n\000\040\000S\000c\000o\000p\000e\000\051}{subsection.6.1}% 91
\BOOKMARK [3][-]{subsubsection.6.1.4}{\376\377\000s\000e\000e\000d\000\137\000t\000e\000s\000t\000\137\000d\000a\000t\000a}{subsection.6.1}% 92
\BOOKMARK [2][-]{subsection.6.2}{\376\377\000T\000e\000s\000t\000\040\000F\000i\000l\000e\000s}{section.6}% 93
\BOOKMARK [1][-]{section.7}{\376\377\000A\000P\000I\000\040\000R\000e\000f\000e\000r\000e\000n\000c\000e\000\040\000S\000u\000m\000m\000a\000r\000y}{}% 94
\BOOKMARK [1][-]{section.8}{\376\377\000D\000a\000t\000a\000\040\000F\000l\000o\000w\000\040\000D\000i\000a\000g\000r\000a\000m\000s}{}% 95
\BOOKMARK [2][-]{subsection.8.1}{\376\377\000I\000m\000p\000o\000r\000t\000\040\000F\000l\000o\000w}{section.8}% 96
\BOOKMARK [2][-]{subsection.8.2}{\376\377\000Q\000u\000e\000r\000y\000\040\000F\000l\000o\000w}{section.8}% 97
\BOOKMARK [2][-]{subsection.8.3}{\376\377\000M\000L\000\040\000F\000l\000o\000w}{section.8}% 98
\BOOKMARK [2][-]{subsection.8.4}{\376\377\000E\000d\000i\000t\000\040\000F\000l\000o\000w}{section.8}% 99
\BOOKMARK [1][-]{section.9}{\376\377\000I\000n\000d\000e\000x\000\040\000o\000f\000\040\000F\000u\000n\000c\000t\000i\000o\000n\000s}{}% 100
