This is pdfTeX, Version 3.141592653-2.6-1.40.29 (TeX Live 2026) (preloaded format=pdflatex 2026.3.18)  21 MAY 2026 02:19
entering extended mode
 restricted \write18 enabled.
 %&-line parsing enabled.
**system_documentation.tex
(./system_documentation.tex
LaTeX2e <2025-11-01>
L3 programming layer <2026-01-19>
(/usr/local/texlive/2026/texmf-dist/tex/latex/base/article.cls
Document Class: article 2025/01/22 v1.4n Standard LaTeX document class
(/usr/local/texlive/2026/texmf-dist/tex/latex/base/size12.clo
File: size12.clo 2025/01/22 v1.4n Standard LaTeX file (size option)
)
\c@part=\count275
\c@section=\count276
\c@subsection=\count277
\c@subsubsection=\count278
\c@paragraph=\count279
\c@subparagraph=\count280
\c@figure=\count281
\c@table=\count282
\abovecaptionskip=\skip49
\belowcaptionskip=\skip50
\bibindent=\dimen148
)
(/usr/local/texlive/2026/texmf-dist/tex/latex/base/inputenc.sty
Package: inputenc 2024/02/08 v1.3d Input encoding file
\inpenc@prehook=\toks17
\inpenc@posthook=\toks18
)
(/usr/local/texlive/2026/texmf-dist/tex/latex/base/fontenc.sty
Package: fontenc 2025/07/18 v2.1d Standard LaTeX package
)
(/usr/local/texlive/2026/texmf-dist/tex/latex/geometry/geometry.sty
Package: geometry 2020/01/02 v5.9 Page Geometry

(/usr/local/texlive/2026/texmf-dist/tex/latex/graphics/keyval.sty
Package: keyval 2022/05/29 v1.15 key=value parser (DPC)
\KV@toks@=\toks19
)
(/usr/local/texlive/2026/texmf-dist/tex/generic/iftex/ifvtex.sty
Package: ifvtex 2019/10/25 v1.7 ifvtex legacy package. Use iftex instead.

(/usr/local/texlive/2026/texmf-dist/tex/generic/iftex/iftex.sty
Package: iftex 2024/12/12 v1.0g TeX engine tests
))
\Gm@cnth=\count283
\Gm@cntv=\count284
\c@Gm@tempcnt=\count285
\Gm@bindingoffset=\dimen149
\Gm@wd@mp=\dimen150
\Gm@odd@mp=\dimen151
\Gm@even@mp=\dimen152
\Gm@layoutwidth=\dimen153
\Gm@layoutheight=\dimen154
\Gm@layouthoffset=\dimen155
\Gm@layoutvoffset=\dimen156
\Gm@dimlist=\toks20
)
(/usr/local/texlive/2026/texmf-dist/tex/latex/hyperref/hyperref.sty
Package: hyperref 2026-01-29 v7.01p Hypertext links for LaTeX

(/usr/local/texlive/2026/texmf-dist/tex/latex/kvsetkeys/kvsetkeys.sty
Package: kvsetkeys 2022-10-05 v1.19 Key value parser (HO)
)
(/usr/local/texlive/2026/texmf-dist/tex/generic/kvdefinekeys/kvdefinekeys.sty
Package: kvdefinekeys 2019-12-19 v1.6 Define keys (HO)
)
(/usr/local/texlive/2026/texmf-dist/tex/generic/pdfescape/pdfescape.sty
Package: pdfescape 2019/12/09 v1.15 Implements pdfTeX's escape features (HO)

(/usr/local/texlive/2026/texmf-dist/tex/generic/ltxcmds/ltxcmds.sty
Package: ltxcmds 2023-12-04 v1.26 LaTeX kernel commands for general use (HO)
)
(/usr/local/texlive/2026/texmf-dist/tex/generic/pdftexcmds/pdftexcmds.sty
Package: pdftexcmds 2020-06-27 v0.33 Utility functions of pdfTeX for LuaTeX (HO
)

(/usr/local/texlive/2026/texmf-dist/tex/generic/infwarerr/infwarerr.sty
Package: infwarerr 2019/12/03 v1.5 Providing info/warning/error messages (HO)
)
Package pdftexcmds Info: \pdf@primitive is available.
Package pdftexcmds Info: \pdf@ifprimitive is available.
Package pdftexcmds Info: \pdfdraftmode found.
))
(/usr/local/texlive/2026/texmf-dist/tex/latex/hycolor/hycolor.sty
Package: hycolor 2020-01-27 v1.10 Color options for hyperref/bookmark (HO)
)
(/usr/local/texlive/2026/texmf-dist/tex/latex/hyperref/nameref.sty
Package: nameref 2026-01-29 v2.58 Cross-referencing by name of section

(/usr/local/texlive/2026/texmf-dist/tex/latex/refcount/refcount.sty
Package: refcount 2019/12/15 v3.6 Data extraction from label references (HO)
)
(/usr/local/texlive/2026/texmf-dist/tex/generic/gettitlestring/gettitlestring.s
ty
Package: gettitlestring 2019/12/15 v1.6 Cleanup title references (HO)
 (/usr/local/texlive/2026/texmf-dist/tex/latex/kvoptions/kvoptions.sty
Package: kvoptions 2022-06-15 v3.15 Key value format for package options (HO)
))
\c@section@level=\count286
)
(/usr/local/texlive/2026/texmf-dist/tex/latex/etoolbox/etoolbox.sty
Package: etoolbox 2025/10/02 v2.5m e-TeX tools for LaTeX (JAW)
\etb@tempcnta=\count287
)
(/usr/local/texlive/2026/texmf-dist/tex/generic/stringenc/stringenc.sty
Package: stringenc 2019/11/29 v1.12 Convert strings between diff. encodings (HO
)
)
\@linkdim=\dimen157
\Hy@linkcounter=\count288
\Hy@pagecounter=\count289

(/usr/local/texlive/2026/texmf-dist/tex/latex/hyperref/pd1enc.def
File: pd1enc.def 2026-01-29 v7.01p Hyperref: PDFDocEncoding definition (HO)
Now handling font encoding PD1 ...
... no UTF-8 mapping file for font encoding PD1
)
(/usr/local/texlive/2026/texmf-dist/tex/generic/intcalc/intcalc.sty
Package: intcalc 2019/12/15 v1.3 Expandable calculations with integers (HO)
)
\Hy@SavedSpaceFactor=\count290

(/usr/local/texlive/2026/texmf-dist/tex/latex/hyperref/puenc.def
File: puenc.def 2026-01-29 v7.01p Hyperref: PDF Unicode definition (HO)
Now handling font encoding PU ...
... no UTF-8 mapping file for font encoding PU
)
Package hyperref Info: Hyper figures OFF on input line 4201.
Package hyperref Info: Link nesting OFF on input line 4206.
Package hyperref Info: Hyper index ON on input line 4209.
Package hyperref Info: Plain pages OFF on input line 4216.
Package hyperref Info: Backreferencing OFF on input line 4221.
Package hyperref Info: Implicit mode ON; LaTeX internals redefined.
Package hyperref Info: Bookmarks ON on input line 4468.
\c@Hy@tempcnt=\count291

(/usr/local/texlive/2026/texmf-dist/tex/latex/url/url.sty
\Urlmuskip=\muskip17
Package: url 2013/09/16  ver 3.4  Verb mode for urls, etc.
)
LaTeX Info: Redefining \url on input line 4807.
\XeTeXLinkMargin=\dimen158

(/usr/local/texlive/2026/texmf-dist/tex/generic/bitset/bitset.sty
Package: bitset 2019/12/09 v1.3 Handle bit-vector datatype (HO)

(/usr/local/texlive/2026/texmf-dist/tex/generic/bigintcalc/bigintcalc.sty
Package: bigintcalc 2019/12/15 v1.5 Expandable calculations on big integers (HO
)
))
\Fld@menulength=\count292
\Field@Width=\dimen159
\Fld@charsize=\dimen160
Package hyperref Info: Hyper figures OFF on input line 6084.
Package hyperref Info: Link nesting OFF on input line 6089.
Package hyperref Info: Hyper index ON on input line 6092.
Package hyperref Info: backreferencing OFF on input line 6099.
Package hyperref Info: Link coloring OFF on input line 6104.
Package hyperref Info: Link coloring with OCG OFF on input line 6109.
Package hyperref Info: PDF/A mode OFF on input line 6114.
\Hy@abspage=\count293
\c@Item=\count294
\c@Hfootnote=\count295
)
Package hyperref Info: Driver (autodetected): hpdftex.

(/usr/local/texlive/2026/texmf-dist/tex/latex/hyperref/hpdftex.def
File: hpdftex.def 2026-01-29 v7.01p Hyperref driver for pdfTeX
\Fld@listcount=\count296
\c@bookmark@seq@number=\count297

(/usr/local/texlive/2026/texmf-dist/tex/latex/rerunfilecheck/rerunfilecheck.sty
Package: rerunfilecheck 2025-06-21 v1.11 Rerun checks for auxiliary files (HO)

(/usr/local/texlive/2026/texmf-dist/tex/generic/uniquecounter/uniquecounter.sty
Package: uniquecounter 2019/12/15 v1.4 Provide unlimited unique counter (HO)
)
Package uniquecounter Info: New unique counter `rerunfilecheck' on input line 2
84.
)
\Hy@SectionHShift=\skip51
) (/usr/local/texlive/2026/texmf-dist/tex/latex/enumitem/enumitem.sty
Package: enumitem 2025/02/06 v3.11 Customized lists
\labelindent=\skip52
\enit@outerparindent=\dimen161
\enit@toks=\toks21
\enit@inbox=\box53
\enit@count@id=\count298
\enitdp@description=\count299
)
(/usr/local/texlive/2026/texmf-dist/tex/latex/listings/listings.sty
\lst@mode=\count300
\lst@gtempboxa=\box54
\lst@token=\toks22
\lst@length=\count301
\lst@currlwidth=\dimen162
\lst@column=\count302
\lst@pos=\count303
\lst@lostspace=\dimen163
\lst@width=\dimen164
\lst@newlines=\count304
\lst@lineno=\count305
\lst@maxwidth=\dimen165

(/usr/local/texlive/2026/texmf-dist/tex/latex/listings/lstpatch.sty
File: lstpatch.sty 2025/11/14 1.11b (Carsten Heinz)
)
(/usr/local/texlive/2026/texmf-dist/tex/latex/listings/lstmisc.sty
File: lstmisc.sty 2025/11/14 1.11b (Carsten Heinz)
\c@lstnumber=\count306
\lst@skipnumbers=\count307
\lst@framebox=\box55
)
(/usr/local/texlive/2026/texmf-dist/tex/latex/listings/listings.cfg
File: listings.cfg 2025/11/14 1.11b listings configuration
))
Package: listings 2025/11/14 1.11b (Carsten Heinz)

==> First Aid for listings.sty no longer applied!
    Expected:
        2024/09/23 1.10c (Carsten Heinz)
    but found:
        2025/11/14 1.11b (Carsten Heinz)
    so I'm assuming it got fixed.
(/usr/local/texlive/2026/texmf-dist/tex/latex/xcolor/xcolor.sty
Package: xcolor 2024/09/29 v3.02 LaTeX color extensions (UK)

(/usr/local/texlive/2026/texmf-dist/tex/latex/graphics-cfg/color.cfg
File: color.cfg 2016/01/02 v1.6 sample color configuration
)
Package xcolor Info: Driver file: pdftex.def on input line 274.

(/usr/local/texlive/2026/texmf-dist/tex/latex/graphics-def/pdftex.def
File: pdftex.def 2025/09/29 v1.2d Graphics/color driver for pdftex
)
(/usr/local/texlive/2026/texmf-dist/tex/latex/graphics/mathcolor.ltx)
Package xcolor Info: Model `cmy' substituted by `cmy0' on input line 1349.
Package xcolor Info: Model `hsb' substituted by `rgb' on input line 1353.
Package xcolor Info: Model `RGB' extended on input line 1365.
Package xcolor Info: Model `HTML' substituted by `rgb' on input line 1367.
Package xcolor Info: Model `Hsb' substituted by `hsb' on input line 1368.
Package xcolor Info: Model `tHsb' substituted by `hsb' on input line 1369.
Package xcolor Info: Model `HSB' substituted by `hsb' on input line 1370.
Package xcolor Info: Model `Gray' substituted by `gray' on input line 1371.
Package xcolor Info: Model `wave' substituted by `hsb' on input line 1372.
)
(/usr/local/texlive/2026/texmf-dist/tex/latex/booktabs/booktabs.sty
Package: booktabs 2020/01/12 v1.61803398 Publication quality tables
\heavyrulewidth=\dimen166
\lightrulewidth=\dimen167
\cmidrulewidth=\dimen168
\belowrulesep=\dimen169
\belowbottomsep=\dimen170
\aboverulesep=\dimen171
\abovetopsep=\dimen172
\cmidrulesep=\dimen173
\cmidrulekern=\dimen174
\defaultaddspace=\dimen175
\@cmidla=\count308
\@cmidlb=\count309
\@aboverulesep=\dimen176
\@belowrulesep=\dimen177
\@thisruleclass=\count310
\@lastruleclass=\count311
\@thisrulewidth=\dimen178
)
(/usr/local/texlive/2026/texmf-dist/tex/latex/tools/longtable.sty
Package: longtable 2025-10-13 v4.24 Multi-page Table package (DPC)
\LTleft=\skip53
\LTright=\skip54
\LTpre=\skip55
\LTpost=\skip56
\LTchunksize=\count312
\LTcapwidth=\dimen179
\LT@head=\box56
\LT@firsthead=\box57
\LT@foot=\box58
\LT@lastfoot=\box59
\LT@gbox=\box60
\LT@cols=\count313
\LT@rows=\count314
\c@LT@tables=\count315
\c@LT@chunks=\count316
\LT@p@ftn=\toks23
)
(/usr/local/texlive/2026/texmf-dist/tex/latex/tools/tabularx.sty
Package: tabularx 2023/12/11 v2.12a `tabularx' package (DPC)

(/usr/local/texlive/2026/texmf-dist/tex/latex/tools/array.sty
Package: array 2025/09/25 v2.6n Tabular extension package (FMi)
\col@sep=\dimen180
\ar@mcellbox=\box61
\extrarowheight=\dimen181
\NC@list=\toks24
\extratabsurround=\skip57
\backup@length=\skip58
\ar@cellbox=\box62
)
\TX@col@width=\dimen182
\TX@old@table=\dimen183
\TX@old@col=\dimen184
\TX@target=\dimen185
\TX@delta=\dimen186
\TX@cols=\count317
\TX@ftn=\toks25
)
(/usr/local/texlive/2026/texmf-dist/tex/latex/fancyhdr/fancyhdr.sty
Package: fancyhdr 2025/02/07 v5.2 Extensive control of page headers and footers

\f@nch@headwidth=\skip59
\f@nch@offset@elh=\skip60
\f@nch@offset@erh=\skip61
\f@nch@offset@olh=\skip62
\f@nch@offset@orh=\skip63
\f@nch@offset@elf=\skip64
\f@nch@offset@erf=\skip65
\f@nch@offset@olf=\skip66
\f@nch@offset@orf=\skip67
\f@nch@height=\skip68
\f@nch@footalignment=\skip69
\f@nch@widthL=\skip70
\f@nch@widthC=\skip71
\f@nch@widthR=\skip72
\@temptokenb=\toks26
)
(/usr/local/texlive/2026/texmf-dist/tex/latex/titlesec/titlesec.sty
Package: titlesec 2025/01/04 v2.17 Sectioning titles
\ttl@box=\box63
\beforetitleunit=\skip73
\aftertitleunit=\skip74
\ttl@plus=\dimen187
\ttl@minus=\dimen188
\ttl@toksa=\toks27
\titlewidth=\dimen189
\titlewidthlast=\dimen190
\titlewidthfirst=\dimen191
)
(/usr/local/texlive/2026/texmf-dist/tex/latex/colortbl/colortbl.sty
Package: colortbl 2024/10/29 v1.0k Color table columns (DPC)
\everycr=\toks28
\minrowclearance=\skip75
\rownum=\count318
)
Package hyperref Info: Option `colorlinks' set `true' on input line 24.

(/usr/local/texlive/2026/texmf-dist/tex/latex/l3backend/l3backend-pdftex.def
File: l3backend-pdftex.def 2025-10-09 L3 backend support: PDF output (pdfTeX)
\l__color_backend_stack_int=\count319
)
(./system_documentation.aux)
\openout1 = `system_documentation.aux'.

LaTeX Font Info:    Checking defaults for OML/cmm/m/it on input line 52.
LaTeX Font Info:    ... okay on input line 52.
LaTeX Font Info:    Checking defaults for OMS/cmsy/m/n on input line 52.
LaTeX Font Info:    ... okay on input line 52.
LaTeX Font Info:    Checking defaults for OT1/cmr/m/n on input line 52.
LaTeX Font Info:    ... okay on input line 52.
LaTeX Font Info:    Checking defaults for T1/cmr/m/n on input line 52.
LaTeX Font Info:    ... okay on input line 52.
LaTeX Font Info:    Checking defaults for TS1/cmr/m/n on input line 52.
LaTeX Font Info:    ... okay on input line 52.
LaTeX Font Info:    Checking defaults for OMX/cmex/m/n on input line 52.
LaTeX Font Info:    ... okay on input line 52.
LaTeX Font Info:    Checking defaults for U/cmr/m/n on input line 52.
LaTeX Font Info:    ... okay on input line 52.
LaTeX Font Info:    Checking defaults for PD1/pdf/m/n on input line 52.
LaTeX Font Info:    ... okay on input line 52.
LaTeX Font Info:    Checking defaults for PU/pdf/m/n on input line 52.
LaTeX Font Info:    ... okay on input line 52.

*geometry* driver: auto-detecting
*geometry* detected driver: pdftex
*geometry* verbose mode - [ preamble ] result:
* driver: pdftex
* paper: a4paper
* layout: <same size as paper>
* layoutoffset:(h,v)=(0.0pt,0.0pt)
* modes: 
* h-part:(L,W,R)=(72.26999pt, 452.9679pt, 72.26999pt)
* v-part:(T,H,B)=(72.26999pt, 700.50687pt, 72.26999pt)
* \paperwidth=597.50787pt
* \paperheight=845.04684pt
* \textwidth=452.9679pt
* \textheight=700.50687pt
* \oddsidemargin=0.0pt
* \evensidemargin=0.0pt
* \topmargin=-39.5pt
* \headheight=14.5pt
* \headsep=25.0pt
* \topskip=12.0pt
* \footskip=30.0pt
* \marginparwidth=35.0pt
* \marginparsep=10.0pt
* \columnsep=10.0pt
* \skip\footins=10.8pt plus 4.0pt minus 2.0pt
* \hoffset=0.0pt
* \voffset=0.0pt
* \mag=1000
* \@twocolumnfalse
* \@twosidefalse
* \@mparswitchfalse
* \@reversemarginfalse
* (1in=72.27pt=25.4mm, 1cm=28.453pt)

Package hyperref Info: Link coloring ON on input line 52.
(./system_documentation.out) (./system_documentation.out)
\@outlinefile=\write3
\openout3 = `system_documentation.out'.

\c@lstlisting=\count320

(/usr/local/texlive/2026/texmf-dist/tex/context/base/mkii/supp-pdf.mkii
[Loading MPS to PDF converter (version 2006.09.02).]
\scratchcounter=\count321
\scratchdimen=\dimen192
\scratchbox=\box64
\nofMPsegments=\count322
\nofMParguments=\count323
\everyMPshowfont=\toks29
\MPscratchCnt=\count324
\MPscratchDim=\dimen193
\MPnumerator=\count325
\makeMPintoPDFobject=\count326
\everyMPtoPDFconversion=\toks30
)
LaTeX Font Info:    External font `cmex10' loaded for size
(Font)              <14.4> on input line 55.
LaTeX Font Info:    External font `cmex10' loaded for size
(Font)              <7> on input line 55.
 [1

{/usr/local/texlive/2026/texmf-var/fonts/map/pdftex/updmap/pdftex.map}{/usr/loc
al/texlive/2026/texmf-dist/fonts/enc/dvips/cm-super/cm-super-t1.enc}]
(./system_documentation.toc
LaTeX Font Info:    External font `cmex10' loaded for size
(Font)              <12> on input line 2.
LaTeX Font Info:    External font `cmex10' loaded for size
(Font)              <8> on input line 2.
LaTeX Font Info:    External font `cmex10' loaded for size
(Font)              <6> on input line 2.

Overfull \hbox (14.95924pt too wide) in paragraph at lines 40--40
 [][] [][][]\T1/cmr/m/n/12 get_foods_by_range(conn, cur-sor, min_health_score, 
max_sodium, 
 []

[2]
Overfull \hbox (32.64525pt too wide) in paragraph at lines 65--65
 [][] [][][]\T1/cmr/m/n/12 _resolve_or_create(cursor, cache, ta-ble, id_col, na
me_col, name_value, 
 []

[3])
\tf@toc=\write4
\openout4 = `system_documentation.toc'.

 [4]
Overfull \hbox (128.859pt too wide) in paragraph at lines 81--82
[]\T1/cmr/bx/n/12 Data Sources: \T1/cmr/m/n/12 USDA com-pre-hen-sive_foods_usda
.csv, Open-Food-Facts foods_health_scores_allergens.csv 
 []


Overfull \hbox (17.54338pt too wide) in paragraph at lines 107--108
[]\T1/cmr/bx/n/12 Connection Man-age-ment \T1/cmr/m/n/12 ^^V \T1/cmtt/m/n/12 da
tabase.py \T1/cmr/m/n/12 pro-vides con-nec-tion pool-ing and FastAPI
 []

[5{/usr/local/texlive/2026/texmf-dist/fonts/enc/dvips/cm-super/cm-super-ts1.enc
}]
Overfull \hbox (24.97858pt too wide) in paragraph at lines 117--136
 [][] 
 []


Overfull \hbox (5.86893pt too wide) in paragraph at lines 157--170
 [][] 
 []


LaTeX Warning: `h' float specifier changed to `ht'.


Overfull \hbox (48.21593pt too wide) in paragraph at lines 178--179
[]\T1/cmr/bx/n/12 Extracted FOOD_CATEGORY en-tity. \T1/cmr/m/n/12 The orig-i-na
l \T1/cmtt/m/n/12 Foods \T1/cmr/m/n/12 ta-ble stored \T1/cmtt/m/n/12 food_categ
ory
 []


Overfull \hbox (1.80042pt too wide) in paragraph at lines 180--181
\T1/cmr/m/n/12 VAR-CHAR col-umn (``SR Legacy'', ``Sur-vey (FNDDS)'') was ex-tra
cted to a \T1/cmtt/m/n/12 DATA_TYPE
 []

[6]
Overfull \hbox (3.19562pt too wide) in paragraph at lines 184--185
\T1/cmr/m/n/12 bined ta-ble mixed scor-ing met-rics (\T1/cmtt/m/n/12 health_sco
re\T1/cmr/m/n/12 , \T1/cmtt/m/n/12 nutriscore_grade\T1/cmr/m/n/12 , \T1/cmtt/m/
n/12 nova_group\T1/cmr/m/n/12 )
 []


Overfull \hbox (3.9149pt too wide) in paragraph at lines 191--192
[]\T1/cmr/bx/n/12 3NF: \T1/cmr/m/n/12 Tran-si-tive de-pen-den-cies elim-i-nated
: \T1/cmtt/m/n/12 food_category \T1/cmr/m/n/12 and \T1/cmtt/m/n/12 data_type \T
1/cmr/m/n/12 ex-tracted
 []


Underfull \hbox (badness 10000) in paragraph at lines 206--206
[]|\T1/cmr/m/n/12 Auto-generated
 []


Underfull \hbox (badness 10000) in paragraph at lines 206--206
\T1/cmr/m/n/12 unique brand
 []

[7]
Overfull \hbox (2.21458pt too wide) in paragraph at lines 223--223
[]|\T1/cmr/bx/n/12 Description| 
 []


Underfull \hbox (badness 10000) in paragraph at lines 223--223
[]|\T1/cmr/m/n/12 Auto-
 []


Underfull \hbox (badness 10000) in paragraph at lines 223--223
\T1/cmr/m/n/12 generated
 []


Underfull \hbox (badness 10000) in paragraph at lines 223--223
\T1/cmr/m/n/12 cat-e-gory
 []


Underfull \hbox (badness 10000) in paragraph at lines 223--223
[]|\T1/cmr/m/n/12 Food
 []


Underfull \hbox (badness 10000) in paragraph at lines 223--223
\T1/cmr/m/n/12 cat-e-gory
 []


Underfull \hbox (badness 10000) in paragraph at lines 223--223
\T1/cmr/m/n/12 name (e.g.,
 []


Underfull \hbox (badness 10000) in paragraph at lines 223--223
\T1/cmr/m/n/12 Snacks,
 []


Underfull \hbox (badness 10000) in paragraph at lines 240--240
[]|\T1/cmr/m/n/12 Auto-generated
 []

[8]

Package tabularx Warning: X Columns too narrow (table too wide)
(tabularx)                 on input line 260.


Overfull \hbox (56.08209pt too wide) in paragraph at lines 260--260
[]|\T1/cmr/bx/n/12 Description| 
 []


Overfull \hbox (21.03653pt too wide) in paragraph at lines 260--260
[]|\T1/cmr/m/n/12 USDA
 []


Overfull \hbox (17.78172pt too wide) in paragraph at lines 260--260
\T1/cmr/m/n/12 Food-
 []


Overfull \hbox (13.53975pt too wide) in paragraph at lines 260--260
\T1/cmr/m/n/12 Data
 []


Overfull \hbox (12.39977pt too wide) in paragraph at lines 260--260
\T1/cmr/m/n/12 Cen-
 []


Overfull \hbox (6.52617pt too wide) in paragraph at lines 260--260
\T1/cmr/m/n/12 tral
 []


Overfull \hbox (13.70499pt too wide) in paragraph at lines 260--260
\T1/cmr/m/n/12 iden-
 []


Underfull \hbox (badness 10000) in paragraph at lines 260--260
\T1/cmr/m/n/12 ti-
 []


Overfull \hbox (4.56834pt too wide) in paragraph at lines 260--260
\T1/cmr/m/n/12 fier
 []


Overfull \hbox (13.70499pt too wide) in paragraph at lines 260--260
\T1/cmr/m/n/12 (nat-
 []


Underfull \hbox (badness 10000) in paragraph at lines 260--260
\T1/cmr/m/n/12 u-
 []


Overfull \hbox (1.95784pt too wide) in paragraph at lines 260--260
\T1/cmr/m/n/12 ral
 []


Overfull \hbox (10.11557pt too wide) in paragraph at lines 260--260
\T1/cmr/m/n/12 key)| 
 []


Overfull \hbox (33.2835pt too wide) in paragraph at lines 260--260
[]|\T1/cmr/m/n/12 Optional
 []


Overfull \hbox (18.27332pt too wide) in paragraph at lines 260--260
\T1/cmr/m/n/12 brand
 []


Overfull \hbox (2.67572pt too wide) in paragraph at lines 260--260
\T1/cmr/m/n/12 as-
 []


Overfull \hbox (2.67572pt too wide) in paragraph at lines 260--260
\T1/cmr/m/n/12 so-
 []


Overfull \hbox (0.65259pt too wide) in paragraph at lines 260--260
\T1/cmr/m/n/12 ci-
 []


Underfull \hbox (badness 10000) in paragraph at lines 260--260
\T1/cmr/m/n/12 a-
 []


Overfull \hbox (8.48402pt too wide) in paragraph at lines 260--260
\T1/cmr/m/n/12 tion| 
 []


Overfull \hbox (13.86601pt too wide) in paragraph at lines 260--260
[]|\T1/cmr/m/n/12 Food
 []


Overfull \hbox (7.8314pt too wide) in paragraph at lines 260--260
\T1/cmr/m/n/12 cat-
 []


Underfull \hbox (badness 10000) in paragraph at lines 260--260
\T1/cmr/m/n/12 e-
 []


Overfull \hbox (10.76819pt too wide) in paragraph at lines 260--260
\T1/cmr/m/n/12 gory
 []


Overfull \hbox (5.54727pt too wide) in paragraph at lines 260--260
\T1/cmr/m/n/12 ref-
 []


Overfull \hbox (1.95787pt too wide) in paragraph at lines 260--260
\T1/cmr/m/n/12 er-
 []


Overfull \hbox (10.44191pt too wide) in paragraph at lines 260--260
\T1/cmr/m/n/12 ence| 
 []


Overfull \hbox (13.53975pt too wide) in paragraph at lines 260--260
[]|\T1/cmr/m/n/12 Data
 []


Overfull \hbox (20.29642pt too wide) in paragraph at lines 260--260
\T1/cmr/m/n/12 source
 []


Overfull \hbox (10.76819pt too wide) in paragraph at lines 260--260
\T1/cmr/m/n/12 type
 []


Overfull \hbox (5.54727pt too wide) in paragraph at lines 260--260
\T1/cmr/m/n/12 ref-
 []


Overfull \hbox (1.95787pt too wide) in paragraph at lines 260--260
\T1/cmr/m/n/12 er-
 []


Overfull \hbox (10.44191pt too wide) in paragraph at lines 260--260
\T1/cmr/m/n/12 ence| 
 []


Overfull \hbox (45.58327pt too wide) in paragraph at lines 260--260
[]|\T1/cmr/m/n/12 Descriptive
 []


Overfull \hbox (10.76817pt too wide) in paragraph at lines 260--260
\T1/cmr/m/n/12 food
 []


Overfull \hbox (11.09451pt too wide) in paragraph at lines 260--260
\T1/cmr/m/n/12 item
 []


Overfull \hbox (15.66286pt too wide) in paragraph at lines 260--260
\T1/cmr/m/n/12 name| 
 []


Overfull \hbox (79.74582pt too wide) in alignment at lines 260--260
[][][][][] 
 []

[9]
Overfull \hbox (5.44102pt too wide) in paragraph at lines 271--272
[]\T1/cmtt/m/n/12 idx_foods_food_name \T1/cmr/m/n/12 ^^V B-tree on food_name; h
elps pre-fix LIKE queries. Leading-
 []


Package tabularx Warning: X Columns too narrow (table too wide)
(tabularx)                 on input line 288.


Overfull \hbox (56.08209pt too wide) in paragraph at lines 288--288
[]|\T1/cmr/bx/n/12 Description| 
 []


Overfull \hbox (17.94284pt too wide) in paragraph at lines 288--288
[]|\T1/cmr/m/n/12 Auto-
 []


Overfull \hbox (37.85191pt too wide) in paragraph at lines 288--288
\T1/cmr/m/n/12 generated
 []


Overfull \hbox (4.89464pt too wide) in paragraph at lines 288--288
\T1/cmr/m/n/12 nu-
 []


Overfull \hbox (4.56831pt too wide) in paragraph at lines 288--288
\T1/cmr/m/n/12 tri-
 []


Overfull \hbox (8.48402pt too wide) in paragraph at lines 288--288
\T1/cmr/m/n/12 tion
 []


Overfull \hbox (20.23117pt too wide) in paragraph at lines 288--288
\T1/cmr/m/n/12 record
 []


Overfull \hbox (1.46213pt too wide) in paragraph at lines 288--288
\T1/cmr/m/n/12 ID| 
 []


Overfull \hbox (13.05237pt too wide) in paragraph at lines 288--288
[]|\T1/cmr/m/n/12 One-
 []


Overfull \hbox (2.61047pt too wide) in paragraph at lines 288--288
\T1/cmr/m/n/12 to-
 []


Overfull \hbox (5.87358pt too wide) in paragraph at lines 288--288
\T1/cmr/m/n/12 one
 []


Overfull \hbox (7.50507pt too wide) in paragraph at lines 288--288
\T1/cmr/m/n/12 link
 []


Underfull \hbox (badness 10000) in paragraph at lines 288--288
\T1/cmr/m/n/12 to
 []


Overfull \hbox (9.13666pt too wide) in paragraph at lines 288--288
\T1/cmr/m/n/12 par-
 []


Overfull \hbox (4.24203pt too wide) in paragraph at lines 288--288
\T1/cmr/m/n/12 ent
 []


Overfull \hbox (10.76817pt too wide) in paragraph at lines 288--288
\T1/cmr/m/n/12 food| 
 []


Overfull \hbox (24.63426pt too wide) in paragraph at lines 288--288
[]|\T1/cmr/m/n/12 Energy
 []


Overfull \hbox (9.78926pt too wide) in paragraph at lines 288--288
\T1/cmr/m/n/12 con-
 []


Overfull \hbox (8.81036pt too wide) in paragraph at lines 288--288
\T1/cmr/m/n/12 tent
 []


Underfull \hbox (badness 10000) in paragraph at lines 288--288
\T1/cmr/m/n/12 in
 []


Overfull \hbox (8.484pt too wide) in paragraph at lines 288--288
\T1/cmr/m/n/12 kcal| 
 []


Overfull \hbox (26.26581pt too wide) in paragraph at lines 288--288
[]|\T1/cmr/m/n/12 Protein
 []


Overfull \hbox (9.78926pt too wide) in paragraph at lines 288--288
\T1/cmr/m/n/12 con-
 []


Overfull \hbox (8.81036pt too wide) in paragraph at lines 288--288
\T1/cmr/m/n/12 tent
 []


Underfull \hbox (badness 10000) in paragraph at lines 288--288
\T1/cmr/m/n/12 in
 []


Overfull \hbox (18.99118pt too wide) in paragraph at lines 288--288
\T1/cmr/m/n/12 grams| 
 []


Overfull \hbox (15.33652pt too wide) in paragraph at lines 288--288
[]|\T1/cmr/m/n/12 Total
 []


Overfull \hbox (2.28416pt too wide) in paragraph at lines 288--288
\T1/cmr/m/n/12 fat
 []


Overfull \hbox (9.78926pt too wide) in paragraph at lines 288--288
\T1/cmr/m/n/12 con-
 []


Overfull \hbox (8.81036pt too wide) in paragraph at lines 288--288
\T1/cmr/m/n/12 tent
 []


Underfull \hbox (badness 10000) in paragraph at lines 288--288
\T1/cmr/m/n/12 in
 []


Overfull \hbox (18.99118pt too wide) in paragraph at lines 288--288
\T1/cmr/m/n/12 grams| 
 []


Overfull \hbox (59.06195pt too wide) in paragraph at lines 288--288
[]|\T1/cmr/m/n/12 Carbohydrate
 []


Overfull \hbox (9.78926pt too wide) in paragraph at lines 288--288
\T1/cmr/m/n/12 con-
 []


Overfull \hbox (8.81036pt too wide) in paragraph at lines 288--288
\T1/cmr/m/n/12 tent
 []


Underfull \hbox (badness 10000) in paragraph at lines 288--288
\T1/cmr/m/n/12 in
 []


Overfull \hbox (18.99118pt too wide) in paragraph at lines 288--288
\T1/cmr/m/n/12 grams| 
 []


Overfull \hbox (27.08363pt too wide) in paragraph at lines 288--288
[]|\T1/cmr/m/n/12 Sodium
 []


Overfull \hbox (9.78926pt too wide) in paragraph at lines 288--288
\T1/cmr/m/n/12 con-
 []


Overfull \hbox (8.81036pt too wide) in paragraph at lines 288--288
\T1/cmr/m/n/12 tent
 []


Underfull \hbox (badness 10000) in paragraph at lines 288--288
\T1/cmr/m/n/12 in
 []


Overfull \hbox (8.48401pt too wide) in paragraph at lines 288--288
\T1/cmr/m/n/12 mil-
 []


Overfull \hbox (25.51733pt too wide) in paragraph at lines 288--288
\T1/cmr/m/n/12 ligrams| 
 []


Overfull \hbox (68.64702pt too wide) in alignment at lines 288--288
[][][][][] 
 []

[10] [11]

Package tabularx Warning: X Columns too narrow (table too wide)
(tabularx)                 on input line 311.


Overfull \hbox (56.08209pt too wide) in paragraph at lines 311--311
[]|\T1/cmr/bx/n/12 Description| 
 []


Overfull \hbox (17.94284pt too wide) in paragraph at lines 311--311
[]|\T1/cmr/m/n/12 Auto-
 []


Overfull \hbox (37.85191pt too wide) in paragraph at lines 311--311
\T1/cmr/m/n/12 generated
 []


Overfull \hbox (20.23117pt too wide) in paragraph at lines 311--311
\T1/cmr/m/n/12 health
 []


Overfull \hbox (13.77023pt too wide) in paragraph at lines 311--311
\T1/cmr/m/n/12 score
 []


Overfull \hbox (20.23117pt too wide) in paragraph at lines 311--311
\T1/cmr/m/n/12 record
 []


Overfull \hbox (1.46213pt too wide) in paragraph at lines 311--311
\T1/cmr/m/n/12 ID| 
 []


Overfull \hbox (13.05237pt too wide) in paragraph at lines 311--311
[]|\T1/cmr/m/n/12 One-
 []


Overfull \hbox (2.61047pt too wide) in paragraph at lines 311--311
\T1/cmr/m/n/12 to-
 []


Overfull \hbox (5.87358pt too wide) in paragraph at lines 311--311
\T1/cmr/m/n/12 one
 []


Overfull \hbox (7.50507pt too wide) in paragraph at lines 311--311
\T1/cmr/m/n/12 link
 []


Underfull \hbox (badness 10000) in paragraph at lines 311--311
\T1/cmr/m/n/12 to
 []


Overfull \hbox (9.13666pt too wide) in paragraph at lines 311--311
\T1/cmr/m/n/12 par-
 []


Overfull \hbox (4.24203pt too wide) in paragraph at lines 311--311
\T1/cmr/m/n/12 ent
 []


Overfull \hbox (10.76817pt too wide) in paragraph at lines 311--311
\T1/cmr/m/n/12 food| 
 []


Overfull \hbox (41.7676pt too wide) in paragraph at lines 311--311
[]|\T1/cmr/m/n/12 Computed
 []


Overfull \hbox (20.23117pt too wide) in paragraph at lines 311--311
\T1/cmr/m/n/12 health
 []


Overfull \hbox (13.77023pt too wide) in paragraph at lines 311--311
\T1/cmr/m/n/12 score
 []


Overfull \hbox (26.75735pt too wide) in paragraph at lines 311--311
\T1/cmr/m/n/12 (0^^U100)| 
 []


Overfull \hbox (19.90068pt too wide) in paragraph at lines 311--311
[]|\T1/cmr/m/n/12 Nutri-
 []


Overfull \hbox (15.66284pt too wide) in paragraph at lines 311--311
\T1/cmr/m/n/12 Score
 []


Overfull \hbox (16.31548pt too wide) in paragraph at lines 311--311
\T1/cmr/m/n/12 grade
 []


Overfull \hbox (4.89046pt too wide) in paragraph at lines 311--311
\T1/cmr/m/n/12 (A,
 []


Underfull \hbox (badness 10000) in paragraph at lines 311--311
\T1/cmr/m/n/12 B,
 []


Underfull \hbox (badness 10000) in paragraph at lines 311--311
\T1/cmr/m/n/12 C,
 []


Overfull \hbox (0.81369pt too wide) in paragraph at lines 311--311
\T1/cmr/m/n/12 E)| 
 []


Overfull \hbox (22.17651pt too wide) in paragraph at lines 311--311
[]|\T1/cmr/m/n/12 NOVA
 []


Overfull \hbox (10.76817pt too wide) in paragraph at lines 311--311
\T1/cmr/m/n/12 food
 []


Overfull \hbox (9.13666pt too wide) in paragraph at lines 311--311
\T1/cmr/m/n/12 pro-
 []


Overfull \hbox (11.87762pt too wide) in paragraph at lines 311--311
\T1/cmr/m/n/12 cess-
 []


Overfull \hbox (3.9157pt too wide) in paragraph at lines 311--311
\T1/cmr/m/n/12 ing
 []


Overfull \hbox (17.6207pt too wide) in paragraph at lines 311--311
\T1/cmr/m/n/12 group
 []


Overfull \hbox (15.01022pt too wide) in paragraph at lines 311--311
\T1/cmr/m/n/12 (1^^U4)| 
 []


Overfull \hbox (132.33011pt too wide) in alignment at lines 311--311
[][][][][] 
 []

[12]

Package tabularx Warning: X Columns too narrow (table too wide)
(tabularx)                 on input line 335.


Overfull \hbox (56.08209pt too wide) in paragraph at lines 335--335
[]|\T1/cmr/bx/n/12 Description| 
 []


Overfull \hbox (17.94284pt too wide) in paragraph at lines 335--335
[]|\T1/cmr/m/n/12 Auto-
 []


Overfull \hbox (37.85191pt too wide) in paragraph at lines 335--335
\T1/cmr/m/n/12 generated
 []


Overfull \hbox (1.30522pt too wide) in paragraph at lines 335--335
\T1/cmr/m/n/12 al-
 []


Overfull \hbox (5.22095pt too wide) in paragraph at lines 335--335
\T1/cmr/m/n/12 ler-
 []


Overfull \hbox (5.87358pt too wide) in paragraph at lines 335--335
\T1/cmr/m/n/12 gen
 []


Overfull \hbox (9.13666pt too wide) in paragraph at lines 335--335
\T1/cmr/m/n/12 pro-
 []


Overfull \hbox (3.26309pt too wide) in paragraph at lines 335--335
\T1/cmr/m/n/12 file
 []


Overfull \hbox (1.46213pt too wide) in paragraph at lines 335--335
\T1/cmr/m/n/12 ID| 
 []


Overfull \hbox (13.05237pt too wide) in paragraph at lines 335--335
[]|\T1/cmr/m/n/12 One-
 []


Overfull \hbox (2.61047pt too wide) in paragraph at lines 335--335
\T1/cmr/m/n/12 to-
 []


Overfull \hbox (5.87358pt too wide) in paragraph at lines 335--335
\T1/cmr/m/n/12 one
 []


Overfull \hbox (7.50507pt too wide) in paragraph at lines 335--335
\T1/cmr/m/n/12 link
 []


Underfull \hbox (badness 10000) in paragraph at lines 335--335
\T1/cmr/m/n/12 to
 []


Overfull \hbox (9.13666pt too wide) in paragraph at lines 335--335
\T1/cmr/m/n/12 par-
 []


Overfull \hbox (4.24203pt too wide) in paragraph at lines 335--335
\T1/cmr/m/n/12 ent
 []


Overfull \hbox (10.76817pt too wide) in paragraph at lines 335--335
\T1/cmr/m/n/12 food| 
 []


Overfull \hbox (23.5748pt too wide) in paragraph at lines 335--335
[]|\T1/cmr/m/n/12 Gluten
 []


Overfull \hbox (13.11763pt too wide) in paragraph at lines 335--335
\T1/cmr/m/n/12 pres-
 []


Overfull \hbox (10.44191pt too wide) in paragraph at lines 335--335
\T1/cmr/m/n/12 ence
 []


Overfull \hbox (6.52618pt too wide) in paragraph at lines 335--335
\T1/cmr/m/n/12 flag
 []


Overfull \hbox (23.49423pt too wide) in paragraph at lines 335--335
\T1/cmr/m/n/12 (0=no,
 []


Overfull \hbox (23.5595pt too wide) in paragraph at lines 335--335
\T1/cmr/m/n/12 1=yes)| 
 []


Overfull \hbox (17.12912pt too wide) in paragraph at lines 335--335
[]|\T1/cmr/m/n/12 Dairy
 []


Overfull \hbox (13.11763pt too wide) in paragraph at lines 335--335
\T1/cmr/m/n/12 pres-
 []


Overfull \hbox (10.44191pt too wide) in paragraph at lines 335--335
\T1/cmr/m/n/12 ence
 []


Overfull \hbox (6.52618pt too wide) in paragraph at lines 335--335
\T1/cmr/m/n/12 flag
 []


Overfull \hbox (23.49423pt too wide) in paragraph at lines 335--335
\T1/cmr/m/n/12 (0=no,
 []


Overfull \hbox (23.5595pt too wide) in paragraph at lines 335--335
\T1/cmr/m/n/12 1=yes)| 
 []


Overfull \hbox (77.67676pt too wide) in alignment at lines 335--335
[][][][][] 
 []

[13]

Package tabularx Warning: X Columns too narrow (table too wide)
(tabularx)                 on input line 356.


Overfull \hbox (56.08209pt too wide) in paragraph at lines 356--356
[]|\T1/cmr/bx/n/12 Description| 
 []


Overfull \hbox (17.94284pt too wide) in paragraph at lines 356--356
[]|\T1/cmr/m/n/12 Auto-
 []


Overfull \hbox (37.85191pt too wide) in paragraph at lines 356--356
\T1/cmr/m/n/12 generated
 []


Overfull \hbox (8.48405pt too wide) in paragraph at lines 356--356
\T1/cmr/m/n/12 pre-
 []


Overfull \hbox (7.17877pt too wide) in paragraph at lines 356--356
\T1/cmr/m/n/12 dic-
 []


Overfull \hbox (8.48402pt too wide) in paragraph at lines 356--356
\T1/cmr/m/n/12 tion
 []


Overfull \hbox (13.70499pt too wide) in paragraph at lines 356--356
\T1/cmr/m/n/12 iden-
 []


Underfull \hbox (badness 10000) in paragraph at lines 356--356
\T1/cmr/m/n/12 ti-
 []


Overfull \hbox (4.56834pt too wide) in paragraph at lines 356--356
\T1/cmr/m/n/12 fier| 
 []


Overfull \hbox (13.86601pt too wide) in paragraph at lines 356--356
[]|\T1/cmr/m/n/12 Food
 []


Overfull \hbox (11.09451pt too wide) in paragraph at lines 356--356
\T1/cmr/m/n/12 item
 []


Overfull \hbox (4.24202pt too wide) in paragraph at lines 356--356
\T1/cmr/m/n/12 be-
 []


Overfull \hbox (3.9157pt too wide) in paragraph at lines 356--356
\T1/cmr/m/n/12 ing
 []


Overfull \hbox (8.48405pt too wide) in paragraph at lines 356--356
\T1/cmr/m/n/12 pre-
 []


Overfull \hbox (19.57854pt too wide) in paragraph at lines 356--356
\T1/cmr/m/n/12 dicted| 
 []


Overfull \hbox (10.27249pt too wide) in paragraph at lines 356--356
[]|\T1/cmr/m/n/12 ML-
 []


Overfull \hbox (35.89401pt too wide) in paragraph at lines 356--356
\T1/cmr/m/n/12 predicted
 []


Overfull \hbox (19.90068pt too wide) in paragraph at lines 356--356
\T1/cmr/m/n/12 Nutri-
 []


Overfull \hbox (15.66284pt too wide) in paragraph at lines 356--356
\T1/cmr/m/n/12 Score
 []


Overfull \hbox (16.31548pt too wide) in paragraph at lines 356--356
\T1/cmr/m/n/12 grade
 []


Overfull \hbox (20.06177pt too wide) in paragraph at lines 356--356
\T1/cmr/m/n/12 (A^^UE)| 
 []


Overfull \hbox (24.86055pt too wide) in paragraph at lines 356--356
[]|\T1/cmr/m/n/12 Always
 []


Overfull \hbox (20.54498pt too wide) in paragraph at lines 356--356
\T1/cmr/m/n/12 NULL
 []


Overfull \hbox (22.17651pt too wide) in paragraph at lines 356--356
\T1/cmr/m/n/12 NOVA
 []


Overfull \hbox (9.78926pt too wide) in paragraph at lines 356--356
\T1/cmr/m/n/12 can-
 []


Overfull \hbox (5.22095pt too wide) in paragraph at lines 356--356
\T1/cmr/m/n/12 not
 []


Overfull \hbox (8.48405pt too wide) in paragraph at lines 356--356
\T1/cmr/m/n/12 pre-
 []


Overfull \hbox (19.57854pt too wide) in paragraph at lines 356--356
\T1/cmr/m/n/12 dicted
 []


Overfull \hbox (12.07344pt too wide) in paragraph at lines 356--356
\T1/cmr/m/n/12 from
 []


Overfull \hbox (4.89464pt too wide) in paragraph at lines 356--356
\T1/cmr/m/n/12 nu-
 []


Overfull \hbox (4.56831pt too wide) in paragraph at lines 356--356
\T1/cmr/m/n/12 tri-
 []


Overfull \hbox (8.48402pt too wide) in paragraph at lines 356--356
\T1/cmr/m/n/12 tion
 []


Overfull \hbox (11.09451pt too wide) in paragraph at lines 356--356
\T1/cmr/m/n/12 data
 []


Overfull \hbox (15.01022pt too wide) in paragraph at lines 356--356
\T1/cmr/m/n/12 alone| 
 []


Overfull \hbox (20.22699pt too wide) in paragraph at lines 356--356
[]|\T1/cmr/m/n/12 Model
 []


Overfull \hbox (9.78926pt too wide) in paragraph at lines 356--356
\T1/cmr/m/n/12 con-
 []


Underfull \hbox (badness 10000) in paragraph at lines 356--356
\T1/cmr/m/n/12 fi-
 []


Overfull \hbox (16.9681pt too wide) in paragraph at lines 356--356
\T1/cmr/m/n/12 dence
 []


Overfull \hbox (15.01022pt too wide) in paragraph at lines 356--356
\T1/cmr/m/n/12 (0^^U1)
 []


Overfull \hbox (12.07344pt too wide) in paragraph at lines 356--356
\T1/cmr/m/n/12 from
 []


Overfull \hbox (10.83345pt too wide) in paragraph at lines 356--356
\T1/cmr/m/n/12 soft-
 []


Overfull \hbox (10.11557pt too wide) in paragraph at lines 356--356
\T1/cmr/m/n/12 max
 []


Overfull \hbox (9.13666pt too wide) in paragraph at lines 356--356
\T1/cmr/m/n/12 out-
 []


Overfull \hbox (5.87357pt too wide) in paragraph at lines 356--356
\T1/cmr/m/n/12 put| 
 []


Overfull \hbox (46.40115pt too wide) in paragraph at lines 356--356
[]|\T1/cmr/m/n/12 Timestamp
 []


Underfull \hbox (badness 10000) in paragraph at lines 356--356
\T1/cmr/m/n/12 of
 []


Overfull \hbox (8.48405pt too wide) in paragraph at lines 356--356
\T1/cmr/m/n/12 pre-
 []


Overfull \hbox (7.17877pt too wide) in paragraph at lines 356--356
\T1/cmr/m/n/12 dic-
 []


Overfull \hbox (8.48402pt too wide) in paragraph at lines 356--356
\T1/cmr/m/n/12 tion
 []


Overfull \hbox (9.78929pt too wide) in paragraph at lines 356--356
\T1/cmr/m/n/12 gen-
 []


Overfull \hbox (1.95787pt too wide) in paragraph at lines 356--356
\T1/cmr/m/n/12 er-
 []


Underfull \hbox (badness 10000) in paragraph at lines 356--356
\T1/cmr/m/n/12 a-
 []


Overfull \hbox (8.48402pt too wide) in paragraph at lines 356--356
\T1/cmr/m/n/12 tion| 
 []


Overfull \hbox (121.03987pt too wide) in alignment at lines 356--356
[][][][][] 
 []

[14]
Overfull \vbox (129.4053pt too high) has occurred while \output is active []


[15]
LaTeX Font Info:    Font shape `T1/cmtt/bx/n' in size <14.4> not available
(Font)              Font shape `T1/cmtt/m/n' tried instead on input line 389.
 (/usr/local/texlive/2026/texmf-dist/tex/latex/listings/lstlang1.sty
File: lstlang1.sty 2025/11/14 1.11b listings language file
)
[16]
Package hyperref Info: bookmark level for unknown lstlisting defaults to 0 on i
nput line 394.

Overfull \hbox (4.86552pt too wide) in paragraph at lines 408--409
\T1/cmr/m/n/12 (3 at-tempts with ex-po-nen-tial back-off: 0.5s, 1.0s de-lays). 
Raises the last \T1/cmtt/m/n/12 OperationalError
 []


Overfull \hbox (9.76593pt too wide) in paragraph at lines 413--414
\T1/cmr/bx/n/12 What it does: \T1/cmr/m/n/12 FastAPI de-pen-dency gen-er-a-tor.
 Yields a \T1/cmtt/m/n/12 (connection, cursor_as_dict)
 []

[17]
Overfull \hbox (1.1517pt too wide) in paragraph at lines 442--443
[]\T1/cmtt/m/n/12 AllergenProfileBase \T1/cmr/m/n/12 ^^V \T1/cmtt/m/n/12 contai
ns_gluten: bool = False, contains_dairy:
 []


Overfull \hbox (2.30144pt too wide) in paragraph at lines 443--444
[]\T1/cmtt/m/n/12 AllergenProfile(AllergenProfileBase) \T1/cmr/m/n/12 ^^V adds 
\T1/cmtt/m/n/12 allergen_id: int, fdc_id:
 []


Overfull \hbox (25.84567pt too wide) in paragraph at lines 448--449
[]\T1/cmtt/m/n/12 MLPredictionBase \T1/cmr/m/n/12 ^^V \T1/cmtt/m/n/12 predicted
_nutriscore, predicted_nova, confidence_score
 []


Overfull \hbox (39.34239pt too wide) in paragraph at lines 449--450
[]\T1/cmtt/m/n/12 MLPrediction(MLPredictionBase) \T1/cmr/m/n/12 ^^V adds \T1/cm
tt/m/n/12 prediction_id, fdc_id, prediction_date 
 []


Overfull \hbox (21.11215pt too wide) in paragraph at lines 455--456
[]\T1/cmtt/m/n/12 Food(FoodBase) \T1/cmr/m/n/12 ^^V nested model with \T1/cmtt/
m/n/12 brand, nutrition, health_score, allergen
 []


Overfull \hbox (40.9115pt too wide) in paragraph at lines 461--462
\T1/cmtt/m/n/12 food_category: str, avg_calories: float, avg_protein: float, av
g_fat: float,
 []

[18]
Overfull \hbox (31.97708pt too wide) in paragraph at lines 492--493
\T1/cmr/m/n/12 JOINs are de-fined once. Four func-tions (\T1/cmtt/m/n/12 get_fo
od\T1/cmr/m/n/12 , \T1/cmtt/m/n/12 get_foods_by_range\T1/cmr/m/n/12 , \T1/cmtt/
m/n/12 get_foods_by_diet\T1/cmr/m/n/12 ,
 []

[19]
Overfull \hbox (23.00285pt too wide) in paragraph at lines 513--514
\T1/cmr/bx/n/12 What: \T1/cmr/m/n/12 Up-dates \T1/cmtt/m/n/12 HEALTH_SCORE \T1/
cmr/m/n/12 for a food. Al-lowed columns: health_score, nu-triscore_grade,
 []


Overfull \hbox (64.5633pt too wide) in paragraph at lines 538--539
\T1/cmr/bx/n/12 What: \T1/cmr/m/n/12 Pag-i-nated brand list-ing us-ing \T1/cmtt
/m/n/12 OFFSET/FETCH NEXT \T1/cmr/m/n/12 (MSSQL's equiv-a-lent of LIMIT/OFFSET)
. 
 []

[20]
Overfull \hbox (3.83435pt too wide) in paragraph at lines 565--566
[]\T1/cmtt/m/n/12 DbDep = Annotated[tuple, Depends(get_db)] \T1/cmr/m/n/12 ^^V 
de-pen-dency in-jec-tion type alias 
 []


Underfull \hbox (badness 1242) in paragraph at lines 577--578
[]|\T1/cmr/m/n/12 Food search by name sub-string. Params:
 []


Underfull \hbox (badness 10000) in paragraph at lines 579--580
[]|\T1/cmr/m/n/12 Paginated food list-ing with nu-tri-tion.
 []


Underfull \hbox (badness 10000) in paragraph at lines 579--580
\T1/cmr/m/n/12 Params: \T1/cmtt/m/n/12 skip, limit, name \T1/cmr/m/n/12 (op-tio
nal).
 []


Underfull \hbox (badness 10000) in paragraph at lines 585--585
[]|[][][][][][][][][][][][][]
 []


Underfull \hbox (badness 10000) in paragraph at lines 587--587
[]|[][][][][][][][][][][][][]
 []


Underfull \hbox (badness 10000) in paragraph at lines 589--589
[]|[][][][][][][][][][][][][]
 []


Underfull \hbox (badness 10000) in paragraph at lines 593--594
[]|\T1/cmr/m/n/12 Dietary fil-ter. Params: \T1/cmtt/m/n/12 no_gluten,
 []


Underfull \hbox (badness 6559) in paragraph at lines 609--610
[]|\T1/cmr/m/n/12 Check back-ground im-port sta-tus. Re-
 []


Underfull \hbox (badness 10000) in paragraph at lines 609--610
\T1/cmr/m/n/12 turns \T1/cmtt/m/n/12 {running, elapsed_seconds,
 []


Overfull \hbox (24.0498pt too wide) in alignment at lines 571--618
 [] [] [] 
 []

[21]
ignored: Infinite glue shrinkage found in box being split [22]
Overfull \hbox (5.54068pt too wide) in paragraph at lines 641--642
[]\T1/cmr/bx/n/12 Training hy-per-pa-ram-e-ters: \T1/cmr/m/n/12 Adam op-ti-mize
r (lr=0.005), CrossEn-tropy-Loss, StepLR
 []


Overfull \hbox (11.47217pt too wide) in paragraph at lines 641--642
\T1/cmr/m/n/12 sched-uler (step_size = max(10, epochs/3), gamma=0.5). Epochs sc
ale with data: \T1/cmtt/m/n/12 min(200,
 []

[23] [24]
Overfull \hbox (18.9486pt too wide) in paragraph at lines 689--689
|[]\T1/cmr/bx/n/12 _resolve_or_create(cursor, cache, ta-ble, id_col, name_col, 
name_value,
 []


Overfull \hbox (4.88225pt too wide) in paragraph at lines 690--691
\T1/cmr/m/n/12 database, and in-serts if not found. Re-turns the ID. Used for B
rands, FOOD_CATEGORY,
 []


Overfull \hbox (6.46121pt too wide) in paragraph at lines 699--700
[]\T1/cmr/m/n/12 Inserts into Foods, Nu-tri-tion_Metrics, HEALTH_SCORE, AL-LER-
GEN_PROFILE 
 []


Overfull \hbox (15.60951pt too wide) in paragraph at lines 707--708
\T1/cmr/bx/n/12 What: \T1/cmr/m/n/12 Reads \T1/cmtt/m/n/12 foods_health_scores_
allergens.csv\T1/cmr/m/n/12 . Matches prod-ucts by \T1/cmtt/m/n/12 product_name

 []


Overfull \hbox (32.82347pt too wide) in paragraph at lines 707--708
\OMS/cmsy/m/n/12 !$ \T1/cmtt/m/n/12 food_name \T1/cmr/m/n/12 us-ing LIKE pre-fi
x search with de-ter-min-is-tic or-der-ing (\T1/cmtt/m/n/12 ORDER BY LEN(food_n
ame)
 []


Overfull \hbox (2.12375pt too wide) in paragraph at lines 707--708
\T1/cmtt/m/n/12 ASC, food_name ASC\T1/cmr/m/n/12 ). Up-dates HEALTH_SCORE (nu-t
riscore_grade, nova_group) and
 []

[25]

! LaTeX Error: Unicode character ├ (U+251C)
               not set up for use with LaTeX.

See the LaTeX manual or LaTeX Companion for explanation.
Type  H <return>  for immediate help.
 ...                                              
                                                  
l.743 \end{verbatim}
                    
You may provide a definition with
\DeclareUnicodeCharacter 


! LaTeX Error: Unicode character ─ (U+2500)
               not set up for use with LaTeX.

See the LaTeX manual or LaTeX Companion for explanation.
Type  H <return>  for immediate help.
 ...                                              
                                                  
l.743 \end{verbatim}
                    
You may provide a definition with
\DeclareUnicodeCharacter 


! LaTeX Error: Unicode character ─ (U+2500)
               not set up for use with LaTeX.

See the LaTeX manual or LaTeX Companion for explanation.
Type  H <return>  for immediate help.
 ...                                              
                                                  
l.743 \end{verbatim}
                    
You may provide a definition with
\DeclareUnicodeCharacter 


! LaTeX Error: Unicode character ├ (U+251C)
               not set up for use with LaTeX.

See the LaTeX manual or LaTeX Companion for explanation.
Type  H <return>  for immediate help.
 ...                                              
                                                  
l.743 \end{verbatim}
                    
You may provide a definition with
\DeclareUnicodeCharacter 


! LaTeX Error: Unicode character ─ (U+2500)
               not set up for use with LaTeX.

See the LaTeX manual or LaTeX Companion for explanation.
Type  H <return>  for immediate help.
 ...                                              
                                                  
l.743 \end{verbatim}
                    
You may provide a definition with
\DeclareUnicodeCharacter 


! LaTeX Error: Unicode character ─ (U+2500)
               not set up for use with LaTeX.

See the LaTeX manual or LaTeX Companion for explanation.
Type  H <return>  for immediate help.
 ...                                              
                                                  
l.743 \end{verbatim}
                    
You may provide a definition with
\DeclareUnicodeCharacter 


! LaTeX Error: Unicode character ├ (U+251C)
               not set up for use with LaTeX.

See the LaTeX manual or LaTeX Companion for explanation.
Type  H <return>  for immediate help.
 ...                                              
                                                  
l.743 \end{verbatim}
                    
You may provide a definition with
\DeclareUnicodeCharacter 


! LaTeX Error: Unicode character ─ (U+2500)
               not set up for use with LaTeX.

See the LaTeX manual or LaTeX Companion for explanation.
Type  H <return>  for immediate help.
 ...                                              
                                                  
l.743 \end{verbatim}
                    
You may provide a definition with
\DeclareUnicodeCharacter 


! LaTeX Error: Unicode character ─ (U+2500)
               not set up for use with LaTeX.

See the LaTeX manual or LaTeX Companion for explanation.
Type  H <return>  for immediate help.
 ...                                              
                                                  
l.743 \end{verbatim}
                    
You may provide a definition with
\DeclareUnicodeCharacter 


! LaTeX Error: Unicode character ├ (U+251C)
               not set up for use with LaTeX.

See the LaTeX manual or LaTeX Companion for explanation.
Type  H <return>  for immediate help.
 ...                                              
                                                  
l.743 \end{verbatim}
                    
You may provide a definition with
\DeclareUnicodeCharacter 


! LaTeX Error: Unicode character ─ (U+2500)
               not set up for use with LaTeX.

See the LaTeX manual or LaTeX Companion for explanation.
Type  H <return>  for immediate help.
 ...                                              
                                                  
l.743 \end{verbatim}
                    
You may provide a definition with
\DeclareUnicodeCharacter 


! LaTeX Error: Unicode character ─ (U+2500)
               not set up for use with LaTeX.

See the LaTeX manual or LaTeX Companion for explanation.
Type  H <return>  for immediate help.
 ...                                              
                                                  
l.743 \end{verbatim}
                    
You may provide a definition with
\DeclareUnicodeCharacter 


! LaTeX Error: Unicode character ├ (U+251C)
               not set up for use with LaTeX.

See the LaTeX manual or LaTeX Companion for explanation.
Type  H <return>  for immediate help.
 ...                                              
                                                  
l.743 \end{verbatim}
                    
You may provide a definition with
\DeclareUnicodeCharacter 


! LaTeX Error: Unicode character ─ (U+2500)
               not set up for use with LaTeX.

See the LaTeX manual or LaTeX Companion for explanation.
Type  H <return>  for immediate help.
 ...                                              
                                                  
l.743 \end{verbatim}
                    
You may provide a definition with
\DeclareUnicodeCharacter 


! LaTeX Error: Unicode character ─ (U+2500)
               not set up for use with LaTeX.

See the LaTeX manual or LaTeX Companion for explanation.
Type  H <return>  for immediate help.
 ...                                              
                                                  
l.743 \end{verbatim}
                    
You may provide a definition with
\DeclareUnicodeCharacter 


! LaTeX Error: Unicode character ├ (U+251C)
               not set up for use with LaTeX.

See the LaTeX manual or LaTeX Companion for explanation.
Type  H <return>  for immediate help.
 ...                                              
                                                  
l.743 \end{verbatim}
                    
You may provide a definition with
\DeclareUnicodeCharacter 


! LaTeX Error: Unicode character ─ (U+2500)
               not set up for use with LaTeX.

See the LaTeX manual or LaTeX Companion for explanation.
Type  H <return>  for immediate help.
 ...                                              
                                                  
l.743 \end{verbatim}
                    
You may provide a definition with
\DeclareUnicodeCharacter 


! LaTeX Error: Unicode character ─ (U+2500)
               not set up for use with LaTeX.

See the LaTeX manual or LaTeX Companion for explanation.
Type  H <return>  for immediate help.
 ...                                              
                                                  
l.743 \end{verbatim}
                    
You may provide a definition with
\DeclareUnicodeCharacter 


! LaTeX Error: Unicode character └ (U+2514)
               not set up for use with LaTeX.

See the LaTeX manual or LaTeX Companion for explanation.
Type  H <return>  for immediate help.
 ...                                              
                                                  
l.743 \end{verbatim}
                    
You may provide a definition with
\DeclareUnicodeCharacter 


! LaTeX Error: Unicode character ─ (U+2500)
               not set up for use with LaTeX.

See the LaTeX manual or LaTeX Companion for explanation.
Type  H <return>  for immediate help.
 ...                                              
                                                  
l.743 \end{verbatim}
                    
You may provide a definition with
\DeclareUnicodeCharacter 


! LaTeX Error: Unicode character ─ (U+2500)
               not set up for use with LaTeX.

See the LaTeX manual or LaTeX Companion for explanation.
Type  H <return>  for immediate help.
 ...                                              
                                                  
l.743 \end{verbatim}
                    
You may provide a definition with
\DeclareUnicodeCharacter 

[26]
Overfull \hbox (7.02492pt too wide) in paragraph at lines 766--767
\T1/cmr/bx/n/12 What: \T1/cmr/m/n/12 AG Grid row click han-dler. Fetches the fu
ll food de-tail from \T1/cmtt/m/n/12 GET /foods/{fdc_id}
 []

[27]
Overfull \hbox (31.17921pt too wide) in paragraph at lines 814--815
[]\T1/cmr/bx/n/12 Note: \T1/cmr/m/n/12 The NOVA col-umn was in-ten-tion-ally re
-moved from the grid be-cause \T1/cmtt/m/n/12 predicted_nova
 []


Overfull \hbox (43.97455pt too wide) in paragraph at lines 844--845
[]\T1/cmr/bx/n/12 Component classes: \T1/cmtt/m/n/12 matte-panel\T1/cmr/m/n/12 
, \T1/cmtt/m/n/12 sub-panel\T1/cmr/m/n/12 , \T1/cmtt/m/n/12 detail-panel\T1/cmr
/m/n/12 , \T1/cmtt/m/n/12 detail-card\T1/cmr/m/n/12 , \T1/cmtt/m/n/12 detail-gr
id\T1/cmr/m/n/12 ,
 []


Overfull \hbox (19.24733pt too wide) in paragraph at lines 844--845
\T1/cmtt/m/n/12 stat-grid\T1/cmr/m/n/12 , \T1/cmtt/m/n/12 stat-card\T1/cmr/m/n/
12 , \T1/cmtt/m/n/12 form-grid\T1/cmr/m/n/12 , \T1/cmtt/m/n/12 button-row\T1/cm
r/m/n/12 , \T1/cmtt/m/n/12 checkbox-row\T1/cmr/m/n/12 , \T1/cmtt/m/n/12 two-col
\T1/cmr/m/n/12 , \T1/cmtt/m/n/12 grid-container\T1/cmr/m/n/12 ,
 []

[28]
Overfull \hbox (27.39806pt too wide) in paragraph at lines 848--849
[]\T1/cmr/bx/n/12 Word-wrap fix: \T1/cmtt/m/n/12 .ag-theme-quartz .ag-cell { wh
ite-space: normal !important;
 []


Overfull \hbox (7.1336pt too wide) in paragraph at lines 862--863
\T1/cmr/bx/n/12 What: \T1/cmr/m/n/12 Pro-vides a con-nec-tion with ex-plicit tr
ans-ac-tion iso-la-tion (\T1/cmtt/m/n/12 BEGIN TRAN \T1/cmr/m/n/12 / \T1/cmtt/m
/n/12 ROLLBACK\T1/cmr/m/n/12 ).
 []


Overfull \hbox (58.2421pt too wide) in paragraph at lines 865--866
\T1/cmr/bx/n/12 What: \T1/cmr/m/n/12 FastAPI Test-Client pointed at the test da
tabase (monkey-patches \T1/cmtt/m/n/12 DB_CONFIG["database"]\T1/cmr/m/n/12 ). 
 []

[29]
Underfull \hbox (badness 10000) in paragraph at lines 901--902
[]|\T1/cmr/m/n/12 min_health_score, max_sodium,
 []


Overfull \hbox (9.82341pt too wide) in alignment at lines 889--916
 [] [] [] 
 []


! LaTeX Error: Unicode character │ (U+2502)
               not set up for use with LaTeX.

See the LaTeX manual or LaTeX Companion for explanation.
Type  H <return>  for immediate help.
 ...                                              
                                                  
l.935 \end{verbatim}
                    
You may provide a definition with
\DeclareUnicodeCharacter 


! LaTeX Error: Unicode character ▼ (U+25BC)
               not set up for use with LaTeX.

See the LaTeX manual or LaTeX Companion for explanation.
Type  H <return>  for immediate help.
 ...                                              
                                                  
l.935 \end{verbatim}
                    
You may provide a definition with
\DeclareUnicodeCharacter 


! LaTeX Error: Unicode character ├ (U+251C)
               not set up for use with LaTeX.

See the LaTeX manual or LaTeX Companion for explanation.
Type  H <return>  for immediate help.
 ...                                              
                                                  
l.935 \end{verbatim}
                    
You may provide a definition with
\DeclareUnicodeCharacter 


! LaTeX Error: Unicode character ─ (U+2500)
               not set up for use with LaTeX.

See the LaTeX manual or LaTeX Companion for explanation.
Type  H <return>  for immediate help.
 ...                                              
                                                  
l.935 \end{verbatim}
                    
You may provide a definition with
\DeclareUnicodeCharacter 


! LaTeX Error: Unicode character ─ (U+2500)
               not set up for use with LaTeX.

See the LaTeX manual or LaTeX Companion for explanation.
Type  H <return>  for immediate help.
 ...                                              
                                                  
l.935 \end{verbatim}
                    
You may provide a definition with
\DeclareUnicodeCharacter 


! LaTeX Error: Unicode character ├ (U+251C)
               not set up for use with LaTeX.

See the LaTeX manual or LaTeX Companion for explanation.
Type  H <return>  for immediate help.
 ...                                              
                                                  
l.935 \end{verbatim}
                    
You may provide a definition with
\DeclareUnicodeCharacter 


! LaTeX Error: Unicode character ─ (U+2500)
               not set up for use with LaTeX.

See the LaTeX manual or LaTeX Companion for explanation.
Type  H <return>  for immediate help.
 ...                                              
                                                  
l.935 \end{verbatim}
                    
You may provide a definition with
\DeclareUnicodeCharacter 


! LaTeX Error: Unicode character ─ (U+2500)
               not set up for use with LaTeX.

See the LaTeX manual or LaTeX Companion for explanation.
Type  H <return>  for immediate help.
 ...                                              
                                                  
l.935 \end{verbatim}
                    
You may provide a definition with
\DeclareUnicodeCharacter 


! LaTeX Error: Unicode character ├ (U+251C)
               not set up for use with LaTeX.

See the LaTeX manual or LaTeX Companion for explanation.
Type  H <return>  for immediate help.
 ...                                              
                                                  
l.935 \end{verbatim}
                    
You may provide a definition with
\DeclareUnicodeCharacter 


! LaTeX Error: Unicode character ─ (U+2500)
               not set up for use with LaTeX.

See the LaTeX manual or LaTeX Companion for explanation.
Type  H <return>  for immediate help.
 ...                                              
                                                  
l.935 \end{verbatim}
                    
You may provide a definition with
\DeclareUnicodeCharacter 


! LaTeX Error: Unicode character ─ (U+2500)
               not set up for use with LaTeX.

See the LaTeX manual or LaTeX Companion for explanation.
Type  H <return>  for immediate help.
 ...                                              
                                                  
l.935 \end{verbatim}
                    
You may provide a definition with
\DeclareUnicodeCharacter 


! LaTeX Error: Unicode character └ (U+2514)
               not set up for use with LaTeX.

See the LaTeX manual or LaTeX Companion for explanation.
Type  H <return>  for immediate help.
 ...                                              
                                                  
l.935 \end{verbatim}
                    
You may provide a definition with
\DeclareUnicodeCharacter 


! LaTeX Error: Unicode character ─ (U+2500)
               not set up for use with LaTeX.

See the LaTeX manual or LaTeX Companion for explanation.
Type  H <return>  for immediate help.
 ...                                              
                                                  
l.935 \end{verbatim}
                    
You may provide a definition with
\DeclareUnicodeCharacter 


! LaTeX Error: Unicode character ─ (U+2500)
               not set up for use with LaTeX.

See the LaTeX manual or LaTeX Companion for explanation.
Type  H <return>  for immediate help.
 ...                                              
                                                  
l.935 \end{verbatim}
                    
You may provide a definition with
\DeclareUnicodeCharacter 


Overfull \hbox (10.04404pt too wide) in paragraph at lines 935--935
[]     \T1/cmtt/m/n/12 _load_health_csv         (enrichment \TS1/cmtt/m/n/12 ^^
Y \T1/cmtt/m/n/12 HEALTH_SCORE, ALLERGEN_PROFILE)[] 
 []


! LaTeX Error: Unicode character │ (U+2502)
               not set up for use with LaTeX.

See the LaTeX manual or LaTeX Companion for explanation.
Type  H <return>  for immediate help.
 ...                                              
                                                  
l.935 \end{verbatim}
                    
You may provide a definition with
\DeclareUnicodeCharacter 


! LaTeX Error: Unicode character ▼ (U+25BC)
               not set up for use with LaTeX.

See the LaTeX manual or LaTeX Companion for explanation.
Type  H <return>  for immediate help.
 ...                                              
                                                  
l.935 \end{verbatim}
                    
You may provide a definition with
\DeclareUnicodeCharacter 

[30]

! LaTeX Error: Unicode character │ (U+2502)
               not set up for use with LaTeX.

See the LaTeX manual or LaTeX Companion for explanation.
Type  H <return>  for immediate help.
 ...                                              
                                                  
l.958 \end{verbatim}
                    
You may provide a definition with
\DeclareUnicodeCharacter 


! LaTeX Error: Unicode character ▼ (U+25BC)
               not set up for use with LaTeX.

See the LaTeX manual or LaTeX Companion for explanation.
Type  H <return>  for immediate help.
 ...                                              
                                                  
l.958 \end{verbatim}
                    
You may provide a definition with
\DeclareUnicodeCharacter 


! LaTeX Error: Unicode character │ (U+2502)
               not set up for use with LaTeX.

See the LaTeX manual or LaTeX Companion for explanation.
Type  H <return>  for immediate help.
 ...                                              
                                                  
l.958 \end{verbatim}
                    
You may provide a definition with
\DeclareUnicodeCharacter 


! LaTeX Error: Unicode character ▼ (U+25BC)
               not set up for use with LaTeX.

See the LaTeX manual or LaTeX Companion for explanation.
Type  H <return>  for immediate help.
 ...                                              
                                                  
l.958 \end{verbatim}
                    
You may provide a definition with
\DeclareUnicodeCharacter 


! LaTeX Error: Unicode character │ (U+2502)
               not set up for use with LaTeX.

See the LaTeX manual or LaTeX Companion for explanation.
Type  H <return>  for immediate help.
 ...                                              
                                                  
l.958 \end{verbatim}
                    
You may provide a definition with
\DeclareUnicodeCharacter 


! LaTeX Error: Unicode character ▼ (U+25BC)
               not set up for use with LaTeX.

See the LaTeX manual or LaTeX Companion for explanation.
Type  H <return>  for immediate help.
 ...                                              
                                                  
l.958 \end{verbatim}
                    
You may provide a definition with
\DeclareUnicodeCharacter 


! LaTeX Error: Unicode character │ (U+2502)
               not set up for use with LaTeX.

See the LaTeX manual or LaTeX Companion for explanation.
Type  H <return>  for immediate help.
 ...                                              
                                                  
l.958 \end{verbatim}
                    
You may provide a definition with
\DeclareUnicodeCharacter 


! LaTeX Error: Unicode character ▼ (U+25BC)
               not set up for use with LaTeX.

See the LaTeX manual or LaTeX Companion for explanation.
Type  H <return>  for immediate help.
 ...                                              
                                                  
l.958 \end{verbatim}
                    
You may provide a definition with
\DeclareUnicodeCharacter 


! LaTeX Error: Unicode character │ (U+2502)
               not set up for use with LaTeX.

See the LaTeX manual or LaTeX Companion for explanation.
Type  H <return>  for immediate help.
 ...                                              
                                                  
l.958 \end{verbatim}
                    
You may provide a definition with
\DeclareUnicodeCharacter 


! LaTeX Error: Unicode character ▼ (U+25BC)
               not set up for use with LaTeX.

See the LaTeX manual or LaTeX Companion for explanation.
Type  H <return>  for immediate help.
 ...                                              
                                                  
l.958 \end{verbatim}
                    
You may provide a definition with
\DeclareUnicodeCharacter 


! LaTeX Error: Unicode character │ (U+2502)
               not set up for use with LaTeX.

See the LaTeX manual or LaTeX Companion for explanation.
Type  H <return>  for immediate help.
 ...                                              
                                                  
l.958 \end{verbatim}
                    
You may provide a definition with
\DeclareUnicodeCharacter 


! LaTeX Error: Unicode character ▼ (U+25BC)
               not set up for use with LaTeX.

See the LaTeX manual or LaTeX Companion for explanation.
Type  H <return>  for immediate help.
 ...                                              
                                                  
l.958 \end{verbatim}
                    
You may provide a definition with
\DeclareUnicodeCharacter 


! LaTeX Error: Unicode character │ (U+2502)
               not set up for use with LaTeX.

See the LaTeX manual or LaTeX Companion for explanation.
Type  H <return>  for immediate help.
 ...                                              
                                                  
l.977 \end{verbatim}
                    
You may provide a definition with
\DeclareUnicodeCharacter 


! LaTeX Error: Unicode character ▼ (U+25BC)
               not set up for use with LaTeX.

See the LaTeX manual or LaTeX Companion for explanation.
Type  H <return>  for immediate help.
 ...                                              
                                                  
l.977 \end{verbatim}
                    
You may provide a definition with
\DeclareUnicodeCharacter 


! LaTeX Error: Unicode character ├ (U+251C)
               not set up for use with LaTeX.

See the LaTeX manual or LaTeX Companion for explanation.
Type  H <return>  for immediate help.
 ...                                              
                                                  
l.977 \end{verbatim}
                    
You may provide a definition with
\DeclareUnicodeCharacter 


! LaTeX Error: Unicode character ─ (U+2500)
               not set up for use with LaTeX.

See the LaTeX manual or LaTeX Companion for explanation.
Type  H <return>  for immediate help.
 ...                                              
                                                  
l.977 \end{verbatim}
                    
You may provide a definition with
\DeclareUnicodeCharacter 


! LaTeX Error: Unicode character ─ (U+2500)
               not set up for use with LaTeX.

See the LaTeX manual or LaTeX Companion for explanation.
Type  H <return>  for immediate help.
 ...                                              
                                                  
l.977 \end{verbatim}
                    
You may provide a definition with
\DeclareUnicodeCharacter 


! LaTeX Error: Unicode character ├ (U+251C)
               not set up for use with LaTeX.

See the LaTeX manual or LaTeX Companion for explanation.
Type  H <return>  for immediate help.
 ...                                              
                                                  
l.977 \end{verbatim}
                    
You may provide a definition with
\DeclareUnicodeCharacter 


! LaTeX Error: Unicode character ─ (U+2500)
               not set up for use with LaTeX.

See the LaTeX manual or LaTeX Companion for explanation.
Type  H <return>  for immediate help.
 ...                                              
                                                  
l.977 \end{verbatim}
                    
You may provide a definition with
\DeclareUnicodeCharacter 


! LaTeX Error: Unicode character ─ (U+2500)
               not set up for use with LaTeX.

See the LaTeX manual or LaTeX Companion for explanation.
Type  H <return>  for immediate help.
 ...                                              
                                                  
l.977 \end{verbatim}
                    
You may provide a definition with
\DeclareUnicodeCharacter 


! LaTeX Error: Unicode character ├ (U+251C)
               not set up for use with LaTeX.

See the LaTeX manual or LaTeX Companion for explanation.
Type  H <return>  for immediate help.
 ...                                              
                                                  
l.977 \end{verbatim}
                    
You may provide a definition with
\DeclareUnicodeCharacter 


! LaTeX Error: Unicode character ─ (U+2500)
               not set up for use with LaTeX.

See the LaTeX manual or LaTeX Companion for explanation.
Type  H <return>  for immediate help.
 ...                                              
                                                  
l.977 \end{verbatim}
                    
You may provide a definition with
\DeclareUnicodeCharacter 


! LaTeX Error: Unicode character ─ (U+2500)
               not set up for use with LaTeX.

See the LaTeX manual or LaTeX Companion for explanation.
Type  H <return>  for immediate help.
 ...                                              
                                                  
l.977 \end{verbatim}
                    
You may provide a definition with
\DeclareUnicodeCharacter 


! LaTeX Error: Unicode character └ (U+2514)
               not set up for use with LaTeX.

See the LaTeX manual or LaTeX Companion for explanation.
Type  H <return>  for immediate help.
 ...                                              
                                                  
l.977 \end{verbatim}
                    
You may provide a definition with
\DeclareUnicodeCharacter 


! LaTeX Error: Unicode character ─ (U+2500)
               not set up for use with LaTeX.

See the LaTeX manual or LaTeX Companion for explanation.
Type  H <return>  for immediate help.
 ...                                              
                                                  
l.977 \end{verbatim}
                    
You may provide a definition with
\DeclareUnicodeCharacter 


! LaTeX Error: Unicode character ─ (U+2500)
               not set up for use with LaTeX.

See the LaTeX manual or LaTeX Companion for explanation.
Type  H <return>  for immediate help.
 ...                                              
                                                  
l.977 \end{verbatim}
                    
You may provide a definition with
\DeclareUnicodeCharacter 


! LaTeX Error: Unicode character │ (U+2502)
               not set up for use with LaTeX.

See the LaTeX manual or LaTeX Companion for explanation.
Type  H <return>  for immediate help.
 ...                                              
                                                  
l.977 \end{verbatim}
                    
You may provide a definition with
\DeclareUnicodeCharacter 


! LaTeX Error: Unicode character ▼ (U+25BC)
               not set up for use with LaTeX.

See the LaTeX manual or LaTeX Companion for explanation.
Type  H <return>  for immediate help.
 ...                                              
                                                  
l.977 \end{verbatim}
                    
You may provide a definition with
\DeclareUnicodeCharacter 


! LaTeX Error: Unicode character ├ (U+251C)
               not set up for use with LaTeX.

See the LaTeX manual or LaTeX Companion for explanation.
Type  H <return>  for immediate help.
 ...                                              
                                                  
l.977 \end{verbatim}
                    
You may provide a definition with
\DeclareUnicodeCharacter 


! LaTeX Error: Unicode character ─ (U+2500)
               not set up for use with LaTeX.

See the LaTeX manual or LaTeX Companion for explanation.
Type  H <return>  for immediate help.
 ...                                              
                                                  
l.977 \end{verbatim}
                    
You may provide a definition with
\DeclareUnicodeCharacter 


! LaTeX Error: Unicode character ─ (U+2500)
               not set up for use with LaTeX.

See the LaTeX manual or LaTeX Companion for explanation.
Type  H <return>  for immediate help.
 ...                                              
                                                  
l.977 \end{verbatim}
                    
You may provide a definition with
\DeclareUnicodeCharacter 


! LaTeX Error: Unicode character ├ (U+251C)
               not set up for use with LaTeX.

See the LaTeX manual or LaTeX Companion for explanation.
Type  H <return>  for immediate help.
 ...                                              
                                                  
l.977 \end{verbatim}
                    
You may provide a definition with
\DeclareUnicodeCharacter 


! LaTeX Error: Unicode character ─ (U+2500)
               not set up for use with LaTeX.

See the LaTeX manual or LaTeX Companion for explanation.
Type  H <return>  for immediate help.
 ...                                              
                                                  
l.977 \end{verbatim}
                    
You may provide a definition with
\DeclareUnicodeCharacter 


! LaTeX Error: Unicode character ─ (U+2500)
               not set up for use with LaTeX.

See the LaTeX manual or LaTeX Companion for explanation.
Type  H <return>  for immediate help.
 ...                                              
                                                  
l.977 \end{verbatim}
                    
You may provide a definition with
\DeclareUnicodeCharacter 


! LaTeX Error: Unicode character ├ (U+251C)
               not set up for use with LaTeX.

See the LaTeX manual or LaTeX Companion for explanation.
Type  H <return>  for immediate help.
 ...                                              
                                                  
l.977 \end{verbatim}
                    
You may provide a definition with
\DeclareUnicodeCharacter 


! LaTeX Error: Unicode character ─ (U+2500)
               not set up for use with LaTeX.

See the LaTeX manual or LaTeX Companion for explanation.
Type  H <return>  for immediate help.
 ...                                              
                                                  
l.977 \end{verbatim}
                    
You may provide a definition with
\DeclareUnicodeCharacter 


! LaTeX Error: Unicode character ─ (U+2500)
               not set up for use with LaTeX.

See the LaTeX manual or LaTeX Companion for explanation.
Type  H <return>  for immediate help.
 ...                                              
                                                  
l.977 \end{verbatim}
                    
You may provide a definition with
\DeclareUnicodeCharacter 


! LaTeX Error: Unicode character └ (U+2514)
               not set up for use with LaTeX.

See the LaTeX manual or LaTeX Companion for explanation.
Type  H <return>  for immediate help.
 ...                                              
                                                  
l.977 \end{verbatim}
                    
You may provide a definition with
\DeclareUnicodeCharacter 


! LaTeX Error: Unicode character ─ (U+2500)
               not set up for use with LaTeX.

See the LaTeX manual or LaTeX Companion for explanation.
Type  H <return>  for immediate help.
 ...                                              
                                                  
l.977 \end{verbatim}
                    
You may provide a definition with
\DeclareUnicodeCharacter 


! LaTeX Error: Unicode character ─ (U+2500)
               not set up for use with LaTeX.

See the LaTeX manual or LaTeX Companion for explanation.
Type  H <return>  for immediate help.
 ...                                              
                                                  
l.977 \end{verbatim}
                    
You may provide a definition with
\DeclareUnicodeCharacter 


! LaTeX Error: Unicode character │ (U+2502)
               not set up for use with LaTeX.

See the LaTeX manual or LaTeX Companion for explanation.
Type  H <return>  for immediate help.
 ...                                              
                                                  
l.996 \end{verbatim}
                    
You may provide a definition with
\DeclareUnicodeCharacter 


! LaTeX Error: Unicode character ▼ (U+25BC)
               not set up for use with LaTeX.

See the LaTeX manual or LaTeX Companion for explanation.
Type  H <return>  for immediate help.
 ...                                              
                                                  
l.996 \end{verbatim}
                    
You may provide a definition with
\DeclareUnicodeCharacter 


! LaTeX Error: Unicode character ├ (U+251C)
               not set up for use with LaTeX.

See the LaTeX manual or LaTeX Companion for explanation.
Type  H <return>  for immediate help.
 ...                                              
                                                  
l.996 \end{verbatim}
                    
You may provide a definition with
\DeclareUnicodeCharacter 


! LaTeX Error: Unicode character ─ (U+2500)
               not set up for use with LaTeX.

See the LaTeX manual or LaTeX Companion for explanation.
Type  H <return>  for immediate help.
 ...                                              
                                                  
l.996 \end{verbatim}
                    
You may provide a definition with
\DeclareUnicodeCharacter 


! LaTeX Error: Unicode character ─ (U+2500)
               not set up for use with LaTeX.

See the LaTeX manual or LaTeX Companion for explanation.
Type  H <return>  for immediate help.
 ...                                              
                                                  
l.996 \end{verbatim}
                    
You may provide a definition with
\DeclareUnicodeCharacter 

[31]

! LaTeX Error: Unicode character │ (U+2502)
               not set up for use with LaTeX.

See the LaTeX manual or LaTeX Companion for explanation.
Type  H <return>  for immediate help.
 ...                                              
                                                  
l.996 \end{verbatim}
                    
You may provide a definition with
\DeclareUnicodeCharacter 


! LaTeX Error: Unicode character ▼ (U+25BC)
               not set up for use with LaTeX.

See the LaTeX manual or LaTeX Companion for explanation.
Type  H <return>  for immediate help.
 ...                                              
                                                  
l.996 \end{verbatim}
                    
You may provide a definition with
\DeclareUnicodeCharacter 


! LaTeX Error: Unicode character │ (U+2502)
               not set up for use with LaTeX.

See the LaTeX manual or LaTeX Companion for explanation.
Type  H <return>  for immediate help.
 ...                                              
                                                  
l.996 \end{verbatim}
                    
You may provide a definition with
\DeclareUnicodeCharacter 


! LaTeX Error: Unicode character ▼ (U+25BC)
               not set up for use with LaTeX.

See the LaTeX manual or LaTeX Companion for explanation.
Type  H <return>  for immediate help.
 ...                                              
                                                  
l.996 \end{verbatim}
                    
You may provide a definition with
\DeclareUnicodeCharacter 


! LaTeX Error: Unicode character ├ (U+251C)
               not set up for use with LaTeX.

See the LaTeX manual or LaTeX Companion for explanation.
Type  H <return>  for immediate help.
 ...                                              
                                                  
l.996 \end{verbatim}
                    
You may provide a definition with
\DeclareUnicodeCharacter 


! LaTeX Error: Unicode character ─ (U+2500)
               not set up for use with LaTeX.

See the LaTeX manual or LaTeX Companion for explanation.
Type  H <return>  for immediate help.
 ...                                              
                                                  
l.996 \end{verbatim}
                    
You may provide a definition with
\DeclareUnicodeCharacter 


! LaTeX Error: Unicode character ─ (U+2500)
               not set up for use with LaTeX.

See the LaTeX manual or LaTeX Companion for explanation.
Type  H <return>  for immediate help.
 ...                                              
                                                  
l.996 \end{verbatim}
                    
You may provide a definition with
\DeclareUnicodeCharacter 


! LaTeX Error: Unicode character ├ (U+251C)
               not set up for use with LaTeX.

See the LaTeX manual or LaTeX Companion for explanation.
Type  H <return>  for immediate help.
 ...                                              
                                                  
l.996 \end{verbatim}
                    
You may provide a definition with
\DeclareUnicodeCharacter 


! LaTeX Error: Unicode character ─ (U+2500)
               not set up for use with LaTeX.

See the LaTeX manual or LaTeX Companion for explanation.
Type  H <return>  for immediate help.
 ...                                              
                                                  
l.996 \end{verbatim}
                    
You may provide a definition with
\DeclareUnicodeCharacter 


! LaTeX Error: Unicode character ─ (U+2500)
               not set up for use with LaTeX.

See the LaTeX manual or LaTeX Companion for explanation.
Type  H <return>  for immediate help.
 ...                                              
                                                  
l.996 \end{verbatim}
                    
You may provide a definition with
\DeclareUnicodeCharacter 


! LaTeX Error: Unicode character ├ (U+251C)
               not set up for use with LaTeX.

See the LaTeX manual or LaTeX Companion for explanation.
Type  H <return>  for immediate help.
 ...                                              
                                                  
l.996 \end{verbatim}
                    
You may provide a definition with
\DeclareUnicodeCharacter 


! LaTeX Error: Unicode character ─ (U+2500)
               not set up for use with LaTeX.

See the LaTeX manual or LaTeX Companion for explanation.
Type  H <return>  for immediate help.
 ...                                              
                                                  
l.996 \end{verbatim}
                    
You may provide a definition with
\DeclareUnicodeCharacter 


! LaTeX Error: Unicode character ─ (U+2500)
               not set up for use with LaTeX.

See the LaTeX manual or LaTeX Companion for explanation.
Type  H <return>  for immediate help.
 ...                                              
                                                  
l.996 \end{verbatim}
                    
You may provide a definition with
\DeclareUnicodeCharacter 


! LaTeX Error: Unicode character └ (U+2514)
               not set up for use with LaTeX.

See the LaTeX manual or LaTeX Companion for explanation.
Type  H <return>  for immediate help.
 ...                                              
                                                  
l.996 \end{verbatim}
                    
You may provide a definition with
\DeclareUnicodeCharacter 


! LaTeX Error: Unicode character ─ (U+2500)
               not set up for use with LaTeX.

See the LaTeX manual or LaTeX Companion for explanation.
Type  H <return>  for immediate help.
 ...                                              
                                                  
l.996 \end{verbatim}
                    
You may provide a definition with
\DeclareUnicodeCharacter 


! LaTeX Error: Unicode character ─ (U+2500)
               not set up for use with LaTeX.

See the LaTeX manual or LaTeX Companion for explanation.
Type  H <return>  for immediate help.
 ...                                              
                                                  
l.996 \end{verbatim}
                    
You may provide a definition with
\DeclareUnicodeCharacter 


Underfull \hbox (badness 10000) in paragraph at lines 1012--1012
[]|\T1/cmr/m/n/12 _load_usda_csv(conn,
 []


Underfull \hbox (badness 10000) in paragraph at lines 1013--1013
[]|\T1/cmr/m/n/12 _load_health_csv(conn,
 []


Underfull \hbox (badness 3492) in paragraph at lines 1018--1018
[]|\T1/cmr/m/n/12 _update_row(conn, cur-
 []


Underfull \hbox (badness 10000) in paragraph at lines 1019--1019
[]|\T1/cmr/m/n/12 get_food(conn, cur-sor,
 []


Overfull \hbox (19.07611pt too wide) in paragraph at lines 1025--1025
[]|\T1/cmr/m/n/12 get_category_aggregation(...)| 
 []


Overfull \hbox (45.3765pt too wide) in paragraph at lines 1026--1026
[]|\T1/cmr/m/n/12 get_foods_with_missing_data(...)| 
 []


Overfull \hbox (69.84973pt too wide) in paragraph at lines 1036--1036
[]|\T1/cmr/m/n/12 _compute_normalization_stats(cursor)| 
 []


Overfull \hbox (29.58328pt too wide) in paragraph at lines 1038--1038
[]|\T1/cmr/m/n/12 run_inference_and_store(conn,
 []


Underfull \hbox (badness 10000) in paragraph at lines 1039--1039
[]|\T1/cmr/m/n/12 delete_predictions(conn,
 []


Underfull \hbox (badness 10000) in paragraph at lines 1041--1041
[]|\T1/cmr/m/n/12 loadPage(pageNum,
 []


Overfull \hbox (3.65529pt too wide) in paragraph at lines 1045--1045
[]|\T1/cmr/m/n/12 AnalyticsSection.jsx| 
 []


Overfull \hbox (3.65529pt too wide) in paragraph at lines 1046--1046
[]|\T1/cmr/m/n/12 AnalyticsSection.jsx| 
 []


Overfull \hbox (3.65529pt too wide) in paragraph at lines 1047--1047
[]|\T1/cmr/m/n/12 AnalyticsSection.jsx| 
 []


Overfull \hbox (3.65529pt too wide) in paragraph at lines 1048--1048
[]|\T1/cmr/m/n/12 AnalyticsSection.jsx| 
 []


Overfull \hbox (8.80688pt too wide) in paragraph at lines 1049--1049
[]|\T1/cmr/m/n/12 MLEngineSection.jsx| 
 []


Overfull \hbox (8.80688pt too wide) in paragraph at lines 1050--1050
[]|\T1/cmr/m/n/12 MLEngineSection.jsx| 
 []


Overfull \hbox (16.4772pt too wide) in paragraph at lines 1052--1052
[]|\T1/cmr/m/n/12 DataImportSection.jsx| 
 []


Underfull \hbox (badness 10000) in paragraph at lines 1053--1053
[]|\T1/cmr/m/n/12 fetchAPI(endpoint, op-
 []


Overfull \hbox (24.04979pt too wide) in alignment at lines 1002--1056
 [] [] [] 
 []


ignored: Infinite glue shrinkage found in box being split [32] [33] (./system_documentat
ion.aux)
 ***********
LaTeX2e <2025-11-01>
L3 programming layer <2026-01-19>
 ***********
Package rerunfilecheck Info: File `system_documentation.out' has not changed.
(rerunfilecheck)             Checksum: 4B0842CE23C82D8A58898963A5A35938;21559.
 ) 
Here is how much of TeX's memory you used:
 12702 strings out of 467525
 191195 string characters out of 5418982
 937663 words of memory out of 5000000
 41286 multiletter control sequences out of 15000+600000
 642102 words of font info for 69 fonts, out of 8000000 for 9000
 1141 hyphenation exceptions out of 8191
 75i,12n,79p,613b,2031s stack positions out of 10000i,1000n,20000p,200000b,200000s
</usr/local/texlive/2026/texmf-dist/fonts/type1/public/amsfonts/cm/cmmi12.pfb
></usr/local/texlive/2026/texmf-dist/fonts/type1/public/amsfonts/cm/cmsy10.pfb>
</usr/local/texlive/2026/texmf-dist/fonts/type1/public/cm-super/sfbx1200.pfb></
usr/local/texlive/2026/texmf-dist/fonts/type1/public/cm-super/sfbx1440.pfb></us
r/local/texlive/2026/texmf-dist/fonts/type1/public/cm-super/sfbx1728.pfb></usr/
local/texlive/2026/texmf-dist/fonts/type1/public/cm-super/sfbx2488.pfb></usr/lo
cal/texlive/2026/texmf-dist/fonts/type1/public/cm-super/sfrm0600.pfb></usr/loca
l/texlive/2026/texmf-dist/fonts/type1/public/cm-super/sfrm1200.pfb></usr/local/
texlive/2026/texmf-dist/fonts/type1/public/cm-super/sfrm1440.pfb></usr/local/te
xlive/2026/texmf-dist/fonts/type1/public/cm-super/sfrm1728.pfb></usr/local/texl
ive/2026/texmf-dist/fonts/type1/public/cm-super/sfti1200.pfb></usr/local/texliv
e/2026/texmf-dist/fonts/type1/public/cm-super/sftt1000.pfb></usr/local/texlive/
2026/texmf-dist/fonts/type1/public/cm-super/sftt1200.pfb></usr/local/texlive/20
26/texmf-dist/fonts/type1/public/cm-super/sftt1440.pfb>
Output written on system_documentation.pdf (33 pages, 382069 bytes).
PDF statistics:
 843 PDF objects out of 1000 (max. 8388607)
 770 compressed objects within 8 object streams
 202 named destinations out of 1000 (max. 500000)
 801 words of extra memory for PDF output out of 10000 (max. 10000000)

